2026-01-30T04:13:03.7871034Z Current runner version: '2.331.0'
2026-01-30T04:13:03.7894799Z ##[group]Runner Image Provisioner
2026-01-30T04:13:03.7895667Z Hosted Compute Agent
2026-01-30T04:13:03.7896192Z Version: 20260123.484
2026-01-30T04:13:03.7896801Z Commit: 6bd6555ca37d84114959e1c76d2c01448ff61c5d
2026-01-30T04:13:03.7897880Z Build Date: 2026-01-23T19:41:17Z
2026-01-30T04:13:03.7898534Z Worker ID: {e96303fc-68c4-48d9-8fc4-aff1a5646701}
2026-01-30T04:13:03.7899202Z Azure Region: centralus
2026-01-30T04:13:03.7899789Z ##[endgroup]
2026-01-30T04:13:03.7901170Z ##[group]Operating System
2026-01-30T04:13:03.7901768Z Ubuntu
2026-01-30T04:13:03.7902314Z 24.04.3
2026-01-30T04:13:03.7903300Z LTS
2026-01-30T04:13:03.7903809Z ##[endgroup]
2026-01-30T04:13:03.7904353Z ##[group]Runner Image
2026-01-30T04:13:03.7904947Z Image: ubuntu-24.04
2026-01-30T04:13:03.7905518Z Version: 20260126.10.1
2026-01-30T04:13:03.7906768Z Included Software: https://github.com/actions/runner-images/blob/ubuntu24/20260126.10/images/ubuntu/Ubuntu2404-Readme.md
2026-01-30T04:13:03.7908226Z Image Release: https://github.com/actions/runner-images/releases/tag/ubuntu24%2F20260126.10
2026-01-30T04:13:03.7909197Z ##[endgroup]
2026-01-30T04:13:03.7911224Z ##[group]GITHUB_TOKEN Permissions
2026-01-30T04:13:03.7913727Z Actions: read
2026-01-30T04:13:03.7914269Z Checks: read
2026-01-30T04:13:03.7914770Z Contents: write
2026-01-30T04:13:03.7915225Z Deployments: read
2026-01-30T04:13:03.7915806Z Issues: read
2026-01-30T04:13:03.7916256Z Metadata: read
2026-01-30T04:13:03.7916769Z Packages: read
2026-01-30T04:13:03.7917346Z PullRequests: read
2026-01-30T04:13:03.7917854Z RepositoryProjects: read
2026-01-30T04:13:03.7918412Z SecurityEvents: read
2026-01-30T04:13:03.7918975Z Statuses: read
2026-01-30T04:13:03.7919469Z ##[endgroup]
2026-01-30T04:13:03.7921513Z Secret source: Actions
2026-01-30T04:13:03.7922743Z Prepare workflow directory
2026-01-30T04:13:03.8245161Z Prepare all required actions
2026-01-30T04:13:03.8284574Z Getting action download info
2026-01-30T04:13:04.1896515Z Download action repository 'actions/checkout@v4' (SHA:34e114876b0b11c390a56381ad16ebd13914f8d5)
2026-01-30T04:13:04.3088997Z Download action repository 'actions/setup-node@v4' (SHA:49933ea5288caeca8642d1e84afbd3f7d6820020)
2026-01-30T04:13:04.4999920Z Complete job name: analyze-workflows
2026-01-30T04:13:04.5679726Z ##[group]Run actions/checkout@v4
2026-01-30T04:13:04.5680665Z with:
2026-01-30T04:13:04.5681084Z   repository: yhyub/coze-studio-test
2026-01-30T04:13:04.5681746Z   token: ***
2026-01-30T04:13:04.5682131Z   ssh-strict: true
2026-01-30T04:13:04.5682688Z   ssh-user: git
2026-01-30T04:13:04.5683101Z   persist-credentials: true
2026-01-30T04:13:04.5683554Z   clean: true
2026-01-30T04:13:04.5683960Z   sparse-checkout-cone-mode: true
2026-01-30T04:13:04.5684435Z   fetch-depth: 1
2026-01-30T04:13:04.5684814Z   fetch-tags: false
2026-01-30T04:13:04.5685221Z   show-progress: true
2026-01-30T04:13:04.5685620Z   lfs: false
2026-01-30T04:13:04.5685988Z   submodules: false
2026-01-30T04:13:04.5686392Z   set-safe-directory: true
2026-01-30T04:13:04.5687125Z ##[endgroup]
2026-01-30T04:13:04.6738777Z Syncing repository: yhyub/coze-studio-test
2026-01-30T04:13:04.6740474Z ##[group]Getting Git version info
2026-01-30T04:13:04.6741315Z Working directory is '/home/runner/work/coze-studio-test/coze-studio-test'
2026-01-30T04:13:04.6742357Z [command]/usr/bin/git version
2026-01-30T04:13:04.6840063Z git version 2.52.0
2026-01-30T04:13:04.6866157Z ##[endgroup]
2026-01-30T04:13:04.6881832Z Temporarily overriding HOME='/home/runner/work/_temp/f952f2c9-ba1b-40a6-a680-c25e2f5cb694' before making global git config changes
2026-01-30T04:13:04.6884502Z Adding repository directory to the temporary git global config as a safe directory
2026-01-30T04:13:04.6888743Z [command]/usr/bin/git config --global --add safe.directory /home/runner/work/coze-studio-test/coze-studio-test
2026-01-30T04:13:04.6929863Z Deleting the contents of '/home/runner/work/coze-studio-test/coze-studio-test'
2026-01-30T04:13:04.6933969Z ##[group]Initializing the repository
2026-01-30T04:13:04.6938869Z [command]/usr/bin/git init /home/runner/work/coze-studio-test/coze-studio-test
2026-01-30T04:13:04.7049295Z hint: Using 'master' as the name for the initial branch. This default branch name
2026-01-30T04:13:04.7050643Z hint: will change to "main" in Git 3.0. To configure the initial branch name
2026-01-30T04:13:04.7051686Z hint: to use in all of your new repositories, which will suppress this warning,
2026-01-30T04:13:04.7052368Z hint: call:
2026-01-30T04:13:04.7052947Z hint:
2026-01-30T04:13:04.7053606Z hint: 	git config --global init.defaultBranch <name>
2026-01-30T04:13:04.7054619Z hint:
2026-01-30T04:13:04.7055185Z hint: Names commonly chosen instead of 'master' are 'main', 'trunk' and
2026-01-30T04:13:04.7056660Z hint: 'development'. The just-created branch can be renamed via this command:
2026-01-30T04:13:04.7057951Z hint:
2026-01-30T04:13:04.7058646Z hint: 	git branch -m <name>
2026-01-30T04:13:04.7059435Z hint:
2026-01-30T04:13:04.7060519Z hint: Disable this message with "git config set advice.defaultBranchName false"
2026-01-30T04:13:04.7062484Z Initialized empty Git repository in /home/runner/work/coze-studio-test/coze-studio-test/.git/
2026-01-30T04:13:04.7068143Z [command]/usr/bin/git remote add origin https://github.com/yhyub/coze-studio-test
2026-01-30T04:13:04.7102882Z ##[endgroup]
2026-01-30T04:13:04.7104182Z ##[group]Disabling automatic garbage collection
2026-01-30T04:13:04.7107689Z [command]/usr/bin/git config --local gc.auto 0
2026-01-30T04:13:04.7135908Z ##[endgroup]
2026-01-30T04:13:04.7137132Z ##[group]Setting up auth
2026-01-30T04:13:04.7143506Z [command]/usr/bin/git config --local --name-only --get-regexp core\.sshCommand
2026-01-30T04:13:04.7173630Z [command]/usr/bin/git submodule foreach --recursive sh -c "git config --local --name-only --get-regexp 'core\.sshCommand' && git config --local --unset-all 'core.sshCommand' || :"
2026-01-30T04:13:04.7530853Z [command]/usr/bin/git config --local --name-only --get-regexp http\.https\:\/\/github\.com\/\.extraheader
2026-01-30T04:13:04.7561032Z [command]/usr/bin/git submodule foreach --recursive sh -c "git config --local --name-only --get-regexp 'http\.https\:\/\/github\.com\/\.extraheader' && git config --local --unset-all 'http.https://github.com/.extraheader' || :"
2026-01-30T04:13:04.7800677Z [command]/usr/bin/git config --local --name-only --get-regexp ^includeIf\.gitdir:
2026-01-30T04:13:04.7839174Z [command]/usr/bin/git submodule foreach --recursive git config --local --show-origin --name-only --get-regexp remote.origin.url
2026-01-30T04:13:04.8065313Z [command]/usr/bin/git config --local http.https://github.com/.extraheader AUTHORIZATION: basic ***
2026-01-30T04:13:04.8103630Z ##[endgroup]
2026-01-30T04:13:04.8104688Z ##[group]Fetching the repository
2026-01-30T04:13:04.8115617Z [command]/usr/bin/git -c protocol.version=2 fetch --no-tags --prune --no-recurse-submodules --depth=1 origin +dd76fd20fa591b5675a6752e918b18be01468c6b:refs/remotes/origin/main
2026-01-30T04:13:05.9148916Z From https://github.com/yhyub/coze-studio-test
2026-01-30T04:13:05.9184943Z  * [new ref]           dd76fd20fa591b5675a6752e918b18be01468c6b -> origin/main
2026-01-30T04:13:05.9188156Z ##[endgroup]
2026-01-30T04:13:05.9189436Z ##[group]Determining the checkout info
2026-01-30T04:13:05.9190865Z ##[endgroup]
2026-01-30T04:13:05.9194957Z [command]/usr/bin/git sparse-checkout disable
2026-01-30T04:13:05.9238817Z [command]/usr/bin/git config --local --unset-all extensions.worktreeConfig
2026-01-30T04:13:05.9266805Z ##[group]Checking out the ref
2026-01-30T04:13:05.9269890Z [command]/usr/bin/git checkout --progress --force -B main refs/remotes/origin/main
2026-01-30T04:13:06.8191442Z Switched to a new branch 'main'
2026-01-30T04:13:06.8192283Z branch 'main' set up to track 'origin/main'.
2026-01-30T04:13:06.8224255Z ##[endgroup]
2026-01-30T04:13:06.8266655Z [command]/usr/bin/git log -1 --format=%H
2026-01-30T04:13:06.8288153Z dd76fd20fa591b5675a6752e918b18be01468c6b
2026-01-30T04:13:06.8519562Z ##[group]Run actions/setup-node@v4
2026-01-30T04:13:06.8520080Z with:
2026-01-30T04:13:06.8520295Z   node-version: 20
2026-01-30T04:13:06.8520523Z   always-auth: false
2026-01-30T04:13:06.8520754Z   check-latest: false
2026-01-30T04:13:06.8521139Z   token: ***
2026-01-30T04:13:06.8521359Z ##[endgroup]
2026-01-30T04:13:07.0263921Z Found in cache @ /opt/hostedtoolcache/node/20.20.0/x64
2026-01-30T04:13:07.0271131Z ##[group]Environment details
2026-01-30T04:13:07.7269971Z node: v20.20.0
2026-01-30T04:13:07.7270864Z npm: 10.8.2
2026-01-30T04:13:07.7271157Z yarn: 1.22.22
2026-01-30T04:13:07.7272373Z ##[endgroup]
2026-01-30T04:13:07.7379726Z ##[group]Run sudo apt-get update && sudo apt-get install -y yq
2026-01-30T04:13:07.7380221Z [36;1msudo apt-get update && sudo apt-get install -y yq[0m
2026-01-30T04:13:07.7425177Z shell: /usr/bin/bash -e {0}
2026-01-30T04:13:07.7425455Z ##[endgroup]
2026-01-30T04:13:07.8253645Z Get:1 file:/etc/apt/apt-mirrors.txt Mirrorlist [144 B]
2026-01-30T04:13:07.8684644Z Hit:2 http://azure.archive.ubuntu.com/ubuntu noble InRelease
2026-01-30T04:13:07.8689496Z Hit:6 https://packages.microsoft.com/repos/azure-cli noble InRelease
2026-01-30T04:13:07.8707411Z Get:3 http://azure.archive.ubuntu.com/ubuntu noble-updates InRelease [126 kB]
2026-01-30T04:13:07.8753611Z Get:4 http://azure.archive.ubuntu.com/ubuntu noble-backports InRelease [126 kB]
2026-01-30T04:13:07.8792988Z Get:5 http://azure.archive.ubuntu.com/ubuntu noble-security InRelease [126 kB]
2026-01-30T04:13:07.9987777Z Get:7 https://packages.microsoft.com/ubuntu/24.04/prod noble InRelease [3600 B]
2026-01-30T04:13:08.0390555Z Get:8 http://azure.archive.ubuntu.com/ubuntu noble-updates/main amd64 Packages [1717 kB]
2026-01-30T04:13:08.0569024Z Get:9 http://azure.archive.ubuntu.com/ubuntu noble-updates/main Translation-en [317 kB]
2026-01-30T04:13:08.0593808Z Get:10 http://azure.archive.ubuntu.com/ubuntu noble-updates/main amd64 Components [175 kB]
2026-01-30T04:13:08.0614122Z Get:11 http://azure.archive.ubuntu.com/ubuntu noble-updates/main amd64 c-n-f Metadata [16.0 kB]
2026-01-30T04:13:08.0624369Z Get:12 http://azure.archive.ubuntu.com/ubuntu noble-updates/universe amd64 Packages [1526 kB]
2026-01-30T04:13:08.0717247Z Get:13 http://azure.archive.ubuntu.com/ubuntu noble-updates/universe Translation-en [312 kB]
2026-01-30T04:13:08.0749706Z Get:14 http://azure.archive.ubuntu.com/ubuntu noble-updates/universe amd64 Components [386 kB]
2026-01-30T04:13:08.0781906Z Get:15 http://azure.archive.ubuntu.com/ubuntu noble-updates/universe amd64 c-n-f Metadata [31.8 kB]
2026-01-30T04:13:08.0792915Z Get:16 http://azure.archive.ubuntu.com/ubuntu noble-updates/restricted amd64 Packages [2536 kB]
2026-01-30T04:13:08.0949708Z Get:17 http://azure.archive.ubuntu.com/ubuntu noble-updates/restricted Translation-en [580 kB]
2026-01-30T04:13:08.1457569Z Get:18 http://azure.archive.ubuntu.com/ubuntu noble-updates/restricted amd64 Components [212 B]
2026-01-30T04:13:08.1466743Z Get:19 http://azure.archive.ubuntu.com/ubuntu noble-updates/restricted amd64 c-n-f Metadata [556 B]
2026-01-30T04:13:08.1476765Z Get:20 http://azure.archive.ubuntu.com/ubuntu noble-updates/multiverse amd64 Packages [32.1 kB]
2026-01-30T04:13:08.1489979Z Get:21 http://azure.archive.ubuntu.com/ubuntu noble-updates/multiverse Translation-en [6816 B]
2026-01-30T04:13:08.1501088Z Get:22 http://azure.archive.ubuntu.com/ubuntu noble-updates/multiverse amd64 Components [940 B]
2026-01-30T04:13:08.1511868Z Get:23 http://azure.archive.ubuntu.com/ubuntu noble-updates/multiverse amd64 c-n-f Metadata [496 B]
2026-01-30T04:13:08.1522904Z Get:24 http://azure.archive.ubuntu.com/ubuntu noble-backports/main amd64 Components [7316 B]
2026-01-30T04:13:08.1534089Z Get:25 http://azure.archive.ubuntu.com/ubuntu noble-backports/universe amd64 Components [10.5 kB]
2026-01-30T04:13:08.1573201Z Get:26 http://azure.archive.ubuntu.com/ubuntu noble-backports/restricted amd64 Components [216 B]
2026-01-30T04:13:08.1584231Z Get:27 http://azure.archive.ubuntu.com/ubuntu noble-backports/multiverse amd64 Components [212 B]
2026-01-30T04:13:08.1606451Z Get:28 http://azure.archive.ubuntu.com/ubuntu noble-security/main amd64 Packages [1410 kB]
2026-01-30T04:13:08.1679370Z Get:29 http://azure.archive.ubuntu.com/ubuntu noble-security/main Translation-en [229 kB]
2026-01-30T04:13:08.1715712Z Get:30 http://azure.archive.ubuntu.com/ubuntu noble-security/main amd64 Components [21.5 kB]
2026-01-30T04:13:08.1728279Z Get:31 http://azure.archive.ubuntu.com/ubuntu noble-security/main amd64 c-n-f Metadata [9820 B]
2026-01-30T04:13:08.2171315Z Get:32 http://azure.archive.ubuntu.com/ubuntu noble-security/universe amd64 Packages [925 kB]
2026-01-30T04:13:08.2232174Z Get:33 http://azure.archive.ubuntu.com/ubuntu noble-security/universe Translation-en [209 kB]
2026-01-30T04:13:08.2259081Z Get:34 http://azure.archive.ubuntu.com/ubuntu noble-security/universe amd64 Components [74.2 kB]
2026-01-30T04:13:08.2272736Z Get:35 http://azure.archive.ubuntu.com/ubuntu noble-security/universe amd64 c-n-f Metadata [19.7 kB]
2026-01-30T04:13:08.2286710Z Get:36 http://azure.archive.ubuntu.com/ubuntu noble-security/restricted amd64 Packages [2369 kB]
2026-01-30T04:13:08.2383317Z Get:44 https://packages.microsoft.com/ubuntu/24.04/prod noble/main arm64 Packages [67.5 kB]
2026-01-30T04:13:08.2428568Z Get:37 http://azure.archive.ubuntu.com/ubuntu noble-security/restricted Translation-en [543 kB]
2026-01-30T04:13:08.2445705Z Get:45 https://packages.microsoft.com/ubuntu/24.04/prod noble/main amd64 Packages [87.6 kB]
2026-01-30T04:13:08.2487824Z Get:38 http://azure.archive.ubuntu.com/ubuntu noble-security/restricted amd64 Components [212 B]
2026-01-30T04:13:08.2497227Z Get:39 http://azure.archive.ubuntu.com/ubuntu noble-security/restricted amd64 c-n-f Metadata [536 B]
2026-01-30T04:13:08.2508168Z Get:40 http://azure.archive.ubuntu.com/ubuntu noble-security/multiverse amd64 Packages [28.8 kB]
2026-01-30T04:13:08.2520770Z Get:41 http://azure.archive.ubuntu.com/ubuntu noble-security/multiverse Translation-en [6492 B]
2026-01-30T04:13:08.2532113Z Get:42 http://azure.archive.ubuntu.com/ubuntu noble-security/multiverse amd64 Components [212 B]
2026-01-30T04:13:08.2541256Z Get:43 http://azure.archive.ubuntu.com/ubuntu noble-security/multiverse amd64 c-n-f Metadata [396 B]
2026-01-30T04:13:17.2367851Z Fetched 14.0 MB in 2s (8582 kB/s)
2026-01-30T04:13:18.0367289Z Reading package lists...
2026-01-30T04:13:18.0689808Z Reading package lists...
2026-01-30T04:13:18.2750003Z Building dependency tree...
2026-01-30T04:13:18.2757648Z Reading state information...
2026-01-30T04:13:18.4464394Z The following additional packages will be installed:
2026-01-30T04:13:18.4465268Z   python3-argcomplete python3-toml python3-xmltodict
2026-01-30T04:13:18.4659372Z The following NEW packages will be installed:
2026-01-30T04:13:18.4660298Z   python3-argcomplete python3-toml python3-xmltodict yq
2026-01-30T04:13:18.4842313Z 0 upgraded, 4 newly installed, 0 to remove and 86 not upgraded.
2026-01-30T04:13:18.4843316Z Need to get 81.5 kB of archives.
2026-01-30T04:13:18.4844072Z After this operation, 353 kB of additional disk space will be used.
2026-01-30T04:13:18.4844983Z Get:1 file:/etc/apt/apt-mirrors.txt Mirrorlist [144 B]
2026-01-30T04:13:18.5305314Z Get:2 http://azure.archive.ubuntu.com/ubuntu noble-updates/universe amd64 python3-argcomplete all 3.1.4-1ubuntu0.1 [33.8 kB]
2026-01-30T04:13:18.5610658Z Get:3 http://azure.archive.ubuntu.com/ubuntu noble/universe amd64 python3-toml all 0.10.2-1 [16.5 kB]
2026-01-30T04:13:18.5913801Z Get:4 http://azure.archive.ubuntu.com/ubuntu noble-updates/main amd64 python3-xmltodict all 0.13.0-1ubuntu0.24.04.1 [14.3 kB]
2026-01-30T04:13:18.6214596Z Get:5 http://azure.archive.ubuntu.com/ubuntu noble/universe amd64 yq all 3.1.0-3 [16.9 kB]
2026-01-30T04:13:18.8986755Z Fetched 81.5 kB in 0s (551 kB/s)
2026-01-30T04:13:18.9241381Z Selecting previously unselected package python3-argcomplete.
2026-01-30T04:13:18.9531369Z (Reading database ... 
2026-01-30T04:13:18.9532193Z (Reading database ... 5%
2026-01-30T04:13:18.9532929Z (Reading database ... 10%
2026-01-30T04:13:18.9533396Z (Reading database ... 15%
2026-01-30T04:13:18.9533746Z (Reading database ... 20%
2026-01-30T04:13:18.9534442Z (Reading database ... 25%
2026-01-30T04:13:18.9535214Z (Reading database ... 30%
2026-01-30T04:13:18.9535792Z (Reading database ... 35%
2026-01-30T04:13:18.9536353Z (Reading database ... 40%
2026-01-30T04:13:18.9536889Z (Reading database ... 45%
2026-01-30T04:13:18.9537473Z (Reading database ... 50%
2026-01-30T04:13:18.9631061Z (Reading database ... 55%
2026-01-30T04:13:19.1003506Z (Reading database ... 60%
2026-01-30T04:13:19.1844610Z (Reading database ... 65%
2026-01-30T04:13:19.2381735Z (Reading database ... 70%
2026-01-30T04:13:19.2880947Z (Reading database ... 75%
2026-01-30T04:13:19.4087772Z (Reading database ... 80%
2026-01-30T04:13:19.5324537Z (Reading database ... 85%
2026-01-30T04:13:19.6597151Z (Reading database ... 90%
2026-01-30T04:13:19.8657652Z (Reading database ... 95%
2026-01-30T04:13:19.8658256Z (Reading database ... 100%
2026-01-30T04:13:19.8658821Z (Reading database ... 217639 files and directories currently installed.)
2026-01-30T04:13:19.8702779Z Preparing to unpack .../python3-argcomplete_3.1.4-1ubuntu0.1_all.deb ...
2026-01-30T04:13:19.8728859Z Unpacking python3-argcomplete (3.1.4-1ubuntu0.1) ...
2026-01-30T04:13:19.9071633Z Selecting previously unselected package python3-toml.
2026-01-30T04:13:19.9206530Z Preparing to unpack .../python3-toml_0.10.2-1_all.deb ...
2026-01-30T04:13:19.9218558Z Unpacking python3-toml (0.10.2-1) ...
2026-01-30T04:13:19.9477936Z Selecting previously unselected package python3-xmltodict.
2026-01-30T04:13:19.9614639Z Preparing to unpack .../python3-xmltodict_0.13.0-1ubuntu0.24.04.1_all.deb ...
2026-01-30T04:13:19.9626510Z Unpacking python3-xmltodict (0.13.0-1ubuntu0.24.04.1) ...
2026-01-30T04:13:19.9871466Z Selecting previously unselected package yq.
2026-01-30T04:13:20.0009547Z Preparing to unpack .../archives/yq_3.1.0-3_all.deb ...
2026-01-30T04:13:20.0021187Z Unpacking yq (3.1.0-3) ...
2026-01-30T04:13:20.0456295Z Setting up python3-xmltodict (0.13.0-1ubuntu0.24.04.1) ...
2026-01-30T04:13:20.1500771Z Setting up python3-toml (0.10.2-1) ...
2026-01-30T04:13:20.2593000Z Setting up python3-argcomplete (3.1.4-1ubuntu0.1) ...
2026-01-30T04:13:20.3690549Z Setting up yq (3.1.0-3) ...
2026-01-30T04:13:20.4728113Z Processing triggers for man-db (2.12.0-4build2) ...
2026-01-30T04:13:20.4756984Z Not building database; man-db/auto-update is not 'true'.
2026-01-30T04:13:21.1272107Z 
2026-01-30T04:13:21.1273111Z Running kernel seems to be up-to-date.
2026-01-30T04:13:21.1273408Z 
2026-01-30T04:13:21.1273576Z No services need to be restarted.
2026-01-30T04:13:21.1273788Z 
2026-01-30T04:13:21.1273985Z No containers need to be restarted.
2026-01-30T04:13:21.1274192Z 
2026-01-30T04:13:21.1274394Z No user sessions are running outdated binaries.
2026-01-30T04:13:21.1274634Z 
2026-01-30T04:13:21.1274961Z No VM guests are running outdated hypervisor (qemu) binaries on this host.
2026-01-30T04:13:22.1257714Z ##[group]Run # æ£€æŸ¥æ‰€æœ‰å·¥ä½œæµæ–‡ä»¶è¯­æ³•
2026-01-30T04:13:22.1258008Z [36;1m# æ£€æŸ¥æ‰€æœ‰å·¥ä½œæµæ–‡ä»¶è¯­æ³•[0m
2026-01-30T04:13:22.1258209Z [36;1merrors=""[0m
2026-01-30T04:13:22.1258450Z [36;1mfor file in .github/workflows/*.yml; do[0m
2026-01-30T04:13:22.1258724Z [36;1m  echo "Checking $file..."[0m
2026-01-30T04:13:22.1259003Z [36;1m  if ! yq eval "$file" > /dev/null 2>&1; then[0m
2026-01-30T04:13:22.1259269Z [36;1m    errors+="$file,"[0m
2026-01-30T04:13:22.1259474Z [36;1m  fi[0m
2026-01-30T04:13:22.1259629Z [36;1mdone[0m
2026-01-30T04:13:22.1259787Z [36;1m# ç§»é™¤æœ«å°¾çš„é€—å·[0m
2026-01-30T04:13:22.1259986Z [36;1merrors=$(echo "$errors" | sed 's/,$//')[0m
2026-01-30T04:13:22.1260269Z [36;1mecho "errors=$errors" >> $GITHUB_OUTPUT[0m
2026-01-30T04:13:22.1293452Z shell: /usr/bin/bash -e {0}
2026-01-30T04:13:22.1293671Z ##[endgroup]
2026-01-30T04:13:22.1346380Z Checking .github/workflows/all-in-one-fixer.yml...
2026-01-30T04:13:22.2399678Z Checking .github/workflows/ci.yml...
2026-01-30T04:13:22.3288668Z Checking .github/workflows/ci@backend.yml...
2026-01-30T04:13:22.4180001Z Checking .github/workflows/ci@main.yml...
2026-01-30T04:13:22.5094688Z Checking .github/workflows/claude.yml...
2026-01-30T04:13:22.6073585Z Checking .github/workflows/common-pr-checks.yml...
2026-01-30T04:13:22.6966590Z Checking .github/workflows/complete-ci-cd.yml...
2026-01-30T04:13:22.7856146Z Checking .github/workflows/deno.yml...
2026-01-30T04:13:22.8746879Z Checking .github/workflows/deploy.yml...
2026-01-30T04:13:22.9627601Z Checking .github/workflows/marketplace-install.yml...
2026-01-30T04:13:23.0512709Z Checking .github/workflows/marketplace-manager.yml...
2026-01-30T04:13:23.1412449Z Checking .github/workflows/marketplace-submit.yml...
2026-01-30T04:13:23.2302196Z Checking .github/workflows/release.yml...
2026-01-30T04:13:23.3178556Z Checking .github/workflows/security-scan.yml...
2026-01-30T04:13:23.4065269Z Checking .github/workflows/unified-workflow.yml...
2026-01-30T04:13:23.4962012Z Checking .github/workflows/workflow-fixer.yml...
2026-01-30T04:13:23.5865759Z Checking .github/workflows/workflow-validator.yml...
2026-01-30T04:13:23.6847772Z ##[group]Run echo "Workflow errors found: .github/workflows/all-in-one-fixer.yml,.github/workflows/ci.yml,.github/workflows/ci@backend.yml,.github/workflows/ci@main.yml,.github/workflows/claude.yml,.github/workflows/common-pr-checks.yml,.github/workflows/complete-ci-cd.yml,.github/workflows/deno.yml,.github/workflows/deploy.yml,.github/workflows/marketplace-install.yml,.github/workflows/marketplace-manager.yml,.github/workflows/marketplace-submit.yml,.github/workflows/release.yml,.github/workflows/security-scan.yml,.github/workflows/unified-workflow.yml,.github/workflows/workflow-fixer.yml,.github/workflows/workflow-validator.yml" > fix-report.txt
2026-01-30T04:13:23.6852416Z [36;1mecho "Workflow errors found: .github/workflows/all-in-one-fixer.yml,.github/workflows/ci.yml,.github/workflows/ci@backend.yml,.github/workflows/ci@main.yml,.github/workflows/claude.yml,.github/workflows/common-pr-checks.yml,.github/workflows/complete-ci-cd.yml,.github/workflows/deno.yml,.github/workflows/deploy.yml,.github/workflows/marketplace-install.yml,.github/workflows/marketplace-manager.yml,.github/workflows/marketplace-submit.yml,.github/workflows/release.yml,.github/workflows/security-scan.yml,.github/workflows/unified-workflow.yml,.github/workflows/workflow-fixer.yml,.github/workflows/workflow-validator.yml" > fix-report.txt[0m
2026-01-30T04:13:23.6855013Z [36;1mcat fix-report.txt[0m
2026-01-30T04:13:23.6886542Z shell: /usr/bin/bash -e {0}
2026-01-30T04:13:23.6886767Z ##[endgroup]
2026-01-30T04:13:23.6949403Z Workflow errors found: .github/workflows/all-in-one-fixer.yml,.github/workflows/ci.yml,.github/workflows/ci@backend.yml,.github/workflows/ci@main.yml,.github/workflows/claude.yml,.github/workflows/common-pr-checks.yml,.github/workflows/complete-ci-cd.yml,.github/workflows/deno.yml,.github/workflows/deploy.yml,.github/workflows/marketplace-install.yml,.github/workflows/marketplace-manager.yml,.github/workflows/marketplace-submit.yml,.github/workflows/release.yml,.github/workflows/security-scan.yml,.github/workflows/unified-workflow.yml,.github/workflows/workflow-fixer.yml,.github/workflows/workflow-validator.yml
2026-01-30T04:13:23.7011846Z Post job cleanup.
2026-01-30T04:13:23.8665716Z Post job cleanup.
2026-01-30T04:13:23.9596410Z [command]/usr/bin/git version
2026-01-30T04:13:23.9631756Z git version 2.52.0
2026-01-30T04:13:23.9674233Z Temporarily overriding HOME='/home/runner/work/_temp/00273027-4257-4e33-8e59-084475c4f639' before making global git config changes
2026-01-30T04:13:23.9675764Z Adding repository directory to the temporary git global config as a safe directory
2026-01-30T04:13:23.9686271Z [command]/usr/bin/git config --global --add safe.directory /home/runner/work/coze-studio-test/coze-studio-test
2026-01-30T04:13:23.9718580Z [command]/usr/bin/git config --local --name-only --get-regexp core\.sshCommand
2026-01-30T04:13:23.9749683Z [command]/usr/bin/git submodule foreach --recursive sh -c "git config --local --name-only --get-regexp 'core\.sshCommand' && git config --local --unset-all 'core.sshCommand' || :"
2026-01-30T04:13:23.9998617Z [command]/usr/bin/git config --local --name-only --get-regexp http\.https\:\/\/github\.com\/\.extraheader
2026-01-30T04:13:24.0020979Z http.https://github.com/.extraheader
2026-01-30T04:13:24.0034190Z [command]/usr/bin/git config --local --unset-all http.https://github.com/.extraheader
2026-01-30T04:13:24.0064463Z [command]/usr/bin/git submodule foreach --recursive sh -c "git config --local --name-only --get-regexp 'http\.https\:\/\/github\.com\/\.extraheader' && git config --local --unset-all 'http.https://github.com/.extraheader' || :"
2026-01-30T04:13:24.0303528Z [command]/usr/bin/git config --local --name-only --get-regexp ^includeIf\.gitdir:
2026-01-30T04:13:24.0333763Z [command]/usr/bin/git submodule foreach --recursive git config --local --show-origin --name-only --get-regexp remote.origin.url
2026-01-30T04:13:24.0687150Z Evaluate and set job outputs
2026-01-30T04:13:24.0696891Z Set output 'errors'
2026-01-30T04:13:24.0698721Z Cleaning up orphan processes\n

