2026-01-30T02:52:25.4768411Z Current runner version: '2.331.0'
2026-01-30T02:52:25.4790907Z ##[group]Runner Image Provisioner
2026-01-30T02:52:25.4791704Z Hosted Compute Agent
2026-01-30T02:52:25.4792279Z Version: 20260123.484
2026-01-30T02:52:25.4792804Z Commit: 6bd6555ca37d84114959e1c76d2c01448ff61c5d
2026-01-30T02:52:25.4793440Z Build Date: 2026-01-23T19:41:17Z
2026-01-30T02:52:25.4794054Z Worker ID: {55d34c70-6e2b-44f3-80f0-2611b217a18d}
2026-01-30T02:52:25.4794701Z Azure Region: westus3
2026-01-30T02:52:25.4795173Z ##[endgroup]
2026-01-30T02:52:25.4796495Z ##[group]Operating System
2026-01-30T02:52:25.4797007Z Ubuntu
2026-01-30T02:52:25.4797454Z 24.04.3
2026-01-30T02:52:25.4797922Z LTS
2026-01-30T02:52:25.4798341Z ##[endgroup]
2026-01-30T02:52:25.4798789Z ##[group]Runner Image
2026-01-30T02:52:25.4799277Z Image: ubuntu-24.04
2026-01-30T02:52:25.4799755Z Version: 20260126.10.1
2026-01-30T02:52:25.4800965Z Included Software: https://github.com/actions/runner-images/blob/ubuntu24/20260126.10/images/ubuntu/Ubuntu2404-Readme.md
2026-01-30T02:52:25.4802300Z Image Release: https://github.com/actions/runner-images/releases/tag/ubuntu24%2F20260126.10
2026-01-30T02:52:25.4803115Z ##[endgroup]
2026-01-30T02:52:25.4805502Z ##[group]GITHUB_TOKEN Permissions
2026-01-30T02:52:25.4807656Z Actions: write
2026-01-30T02:52:25.4808198Z ArtifactMetadata: write
2026-01-30T02:52:25.4808684Z Attestations: write
2026-01-30T02:52:25.4809141Z Checks: write
2026-01-30T02:52:25.4809554Z Contents: write
2026-01-30T02:52:25.4810211Z Deployments: write
2026-01-30T02:52:25.4810670Z Discussions: write
2026-01-30T02:52:25.4811139Z Issues: write
2026-01-30T02:52:25.4811641Z Metadata: read
2026-01-30T02:52:25.4812073Z Models: read
2026-01-30T02:52:25.4812522Z Packages: write
2026-01-30T02:52:25.4812998Z Pages: write
2026-01-30T02:52:25.4813568Z PullRequests: write
2026-01-30T02:52:25.4814035Z RepositoryProjects: write
2026-01-30T02:52:25.4814583Z SecurityEvents: write
2026-01-30T02:52:25.4815068Z Statuses: write
2026-01-30T02:52:25.4815520Z ##[endgroup]
2026-01-30T02:52:25.4817626Z Secret source: Actions
2026-01-30T02:52:25.4818248Z Prepare workflow directory
2026-01-30T02:52:25.5169644Z Prepare all required actions
2026-01-30T02:52:25.5212864Z Getting action download info
2026-01-30T02:52:25.8543102Z Download action repository 'actions/checkout@v4' (SHA:34e114876b0b11c390a56381ad16ebd13914f8d5)
2026-01-30T02:52:26.0124371Z Complete job name: validate
2026-01-30T02:52:26.0708400Z ##[group]Run actions/checkout@v4
2026-01-30T02:52:26.0709209Z with:
2026-01-30T02:52:26.0709665Z   repository: yhyub/coze-studio-test
2026-01-30T02:52:26.0710511Z   token: ***
2026-01-30T02:52:26.0710951Z   ssh-strict: true
2026-01-30T02:52:26.0711361Z   ssh-user: git
2026-01-30T02:52:26.0711847Z   persist-credentials: true
2026-01-30T02:52:26.0712334Z   clean: true
2026-01-30T02:52:26.0712748Z   sparse-checkout-cone-mode: true
2026-01-30T02:52:26.0713277Z   fetch-depth: 1
2026-01-30T02:52:26.0713690Z   fetch-tags: false
2026-01-30T02:52:26.0714145Z   show-progress: true
2026-01-30T02:52:26.0714543Z   lfs: false
2026-01-30T02:52:26.0715000Z   submodules: false
2026-01-30T02:52:26.0715414Z   set-safe-directory: true
2026-01-30T02:52:26.0716138Z ##[endgroup]
2026-01-30T02:52:26.1761634Z Syncing repository: yhyub/coze-studio-test
2026-01-30T02:52:26.1763353Z ##[group]Getting Git version info
2026-01-30T02:52:26.1764272Z Working directory is '/home/runner/work/coze-studio-test/coze-studio-test'
2026-01-30T02:52:26.1765337Z [command]/usr/bin/git version
2026-01-30T02:52:26.1801460Z git version 2.52.0
2026-01-30T02:52:26.1826694Z ##[endgroup]
2026-01-30T02:52:26.1840811Z Temporarily overriding HOME='/home/runner/work/_temp/a6167003-f742-4ac3-ab6a-4b38dd25cc67' before making global git config changes
2026-01-30T02:52:26.1843206Z Adding repository directory to the temporary git global config as a safe directory
2026-01-30T02:52:26.1854652Z [command]/usr/bin/git config --global --add safe.directory /home/runner/work/coze-studio-test/coze-studio-test
2026-01-30T02:52:26.1887241Z Deleting the contents of '/home/runner/work/coze-studio-test/coze-studio-test'
2026-01-30T02:52:26.1890419Z ##[group]Initializing the repository
2026-01-30T02:52:26.1895005Z [command]/usr/bin/git init /home/runner/work/coze-studio-test/coze-studio-test
2026-01-30T02:52:26.1971520Z hint: Using 'master' as the name for the initial branch. This default branch name
2026-01-30T02:52:26.1973086Z hint: will change to "main" in Git 3.0. To configure the initial branch name
2026-01-30T02:52:26.1974415Z hint: to use in all of your new repositories, which will suppress this warning,
2026-01-30T02:52:26.1975726Z hint: call:
2026-01-30T02:52:26.1976397Z hint:
2026-01-30T02:52:26.1977156Z hint: 	git config --global init.defaultBranch <name>
2026-01-30T02:52:26.1978286Z hint:
2026-01-30T02:52:26.1979139Z hint: Names commonly chosen instead of 'master' are 'main', 'trunk' and
2026-01-30T02:52:26.1980780Z hint: 'development'. The just-created branch can be renamed via this command:
2026-01-30T02:52:26.1982051Z hint:
2026-01-30T02:52:26.1982748Z hint: 	git branch -m <name>
2026-01-30T02:52:26.1983482Z hint:
2026-01-30T02:52:26.1984558Z hint: Disable this message with "git config set advice.defaultBranchName false"
2026-01-30T02:52:26.1986315Z Initialized empty Git repository in /home/runner/work/coze-studio-test/coze-studio-test/.git/
2026-01-30T02:52:26.1989192Z [command]/usr/bin/git remote add origin https://github.com/yhyub/coze-studio-test
2026-01-30T02:52:26.2015992Z ##[endgroup]
2026-01-30T02:52:26.2017101Z ##[group]Disabling automatic garbage collection
2026-01-30T02:52:26.2021406Z [command]/usr/bin/git config --local gc.auto 0
2026-01-30T02:52:26.2046478Z ##[endgroup]
2026-01-30T02:52:26.2047203Z ##[group]Setting up auth
2026-01-30T02:52:26.2052832Z [command]/usr/bin/git config --local --name-only --get-regexp core\.sshCommand
2026-01-30T02:52:26.2076341Z [command]/usr/bin/git submodule foreach --recursive sh -c "git config --local --name-only --get-regexp 'core\.sshCommand' && git config --local --unset-all 'core.sshCommand' || :"
2026-01-30T02:52:26.2339692Z [command]/usr/bin/git config --local --name-only --get-regexp http\.https\:\/\/github\.com\/\.extraheader
2026-01-30T02:52:26.2365259Z [command]/usr/bin/git submodule foreach --recursive sh -c "git config --local --name-only --get-regexp 'http\.https\:\/\/github\.com\/\.extraheader' && git config --local --unset-all 'http.https://github.com/.extraheader' || :"
2026-01-30T02:52:26.2532333Z [command]/usr/bin/git config --local --name-only --get-regexp ^includeIf\.gitdir:
2026-01-30T02:52:26.2557780Z [command]/usr/bin/git submodule foreach --recursive git config --local --show-origin --name-only --get-regexp remote.origin.url
2026-01-30T02:52:26.2738049Z [command]/usr/bin/git config --local http.https://github.com/.extraheader AUTHORIZATION: basic ***
2026-01-30T02:52:26.2764767Z ##[endgroup]
2026-01-30T02:52:26.2765985Z ##[group]Fetching the repository
2026-01-30T02:52:26.2773709Z [command]/usr/bin/git -c protocol.version=2 fetch --no-tags --prune --no-recurse-submodules --depth=1 origin +61885ca0aa3c5b6f2841238f3853da65b362ce11:refs/remotes/origin/main
2026-01-30T02:52:28.6073357Z From https://github.com/yhyub/coze-studio-test
2026-01-30T02:52:28.6077468Z  * [new ref]           61885ca0aa3c5b6f2841238f3853da65b362ce11 -> origin/main
2026-01-30T02:52:28.6102129Z ##[endgroup]
2026-01-30T02:52:28.6103295Z ##[group]Determining the checkout info
2026-01-30T02:52:28.6104570Z ##[endgroup]
2026-01-30T02:52:28.6109752Z [command]/usr/bin/git sparse-checkout disable
2026-01-30T02:52:28.6143859Z [command]/usr/bin/git config --local --unset-all extensions.worktreeConfig
2026-01-30T02:52:28.6164789Z ##[group]Checking out the ref
2026-01-30T02:52:28.6169077Z [command]/usr/bin/git checkout --progress --force -B main refs/remotes/origin/main
2026-01-30T02:52:29.1849040Z Switched to a new branch 'main'
2026-01-30T02:52:29.1855392Z branch 'main' set up to track 'origin/main'.
2026-01-30T02:52:29.1869125Z ##[endgroup]
2026-01-30T02:52:29.1903263Z [command]/usr/bin/git log -1 --format=%H
2026-01-30T02:52:29.1922756Z 61885ca0aa3c5b6f2841238f3853da65b362ce11
2026-01-30T02:52:29.2088009Z ##[group]Run sudo apt-get update && sudo apt-get install -y yq
2026-01-30T02:52:29.2088844Z [36;1msudo apt-get update && sudo apt-get install -y yq[0m
2026-01-30T02:52:29.2112889Z shell: /usr/bin/bash -e {0}
2026-01-30T02:52:29.2113399Z ##[endgroup]
2026-01-30T02:52:29.2895011Z Get:1 file:/etc/apt/apt-mirrors.txt Mirrorlist [144 B]
2026-01-30T02:52:29.3181820Z Hit:2 http://azure.archive.ubuntu.com/ubuntu noble InRelease
2026-01-30T02:52:29.3196491Z Get:3 http://azure.archive.ubuntu.com/ubuntu noble-updates InRelease [126 kB]
2026-01-30T02:52:29.3243960Z Get:4 http://azure.archive.ubuntu.com/ubuntu noble-backports InRelease [126 kB]
2026-01-30T02:52:29.3256217Z Hit:6 https://packages.microsoft.com/repos/azure-cli noble InRelease
2026-01-30T02:52:29.3271016Z Get:5 http://azure.archive.ubuntu.com/ubuntu noble-security InRelease [126 kB]
2026-01-30T02:52:29.3285899Z Get:7 https://packages.microsoft.com/ubuntu/24.04/prod noble InRelease [3600 B]
2026-01-30T02:52:29.4331306Z Get:8 http://azure.archive.ubuntu.com/ubuntu noble-updates/main amd64 Packages [1717 kB]
2026-01-30T02:52:29.4472297Z Get:9 http://azure.archive.ubuntu.com/ubuntu noble-updates/main Translation-en [317 kB]
2026-01-30T02:52:29.4494162Z Get:10 http://azure.archive.ubuntu.com/ubuntu noble-updates/main amd64 Components [175 kB]
2026-01-30T02:52:29.4515424Z Get:11 http://azure.archive.ubuntu.com/ubuntu noble-updates/main amd64 c-n-f Metadata [16.0 kB]
2026-01-30T02:52:29.4533492Z Get:12 http://azure.archive.ubuntu.com/ubuntu noble-updates/universe amd64 Packages [1526 kB]
2026-01-30T02:52:29.4614575Z Get:13 http://azure.archive.ubuntu.com/ubuntu noble-updates/universe Translation-en [312 kB]
2026-01-30T02:52:29.4637782Z Get:14 http://azure.archive.ubuntu.com/ubuntu noble-updates/universe amd64 Components [386 kB]
2026-01-30T02:52:29.4669351Z Get:15 http://azure.archive.ubuntu.com/ubuntu noble-updates/universe amd64 c-n-f Metadata [31.7 kB]
2026-01-30T02:52:29.4679584Z Get:16 http://azure.archive.ubuntu.com/ubuntu noble-updates/restricted amd64 Packages [2536 kB]
2026-01-30T02:52:29.4807825Z Get:17 http://azure.archive.ubuntu.com/ubuntu noble-updates/restricted Translation-en [580 kB]
2026-01-30T02:52:29.5274077Z Get:18 http://azure.archive.ubuntu.com/ubuntu noble-updates/restricted amd64 Components [212 B]
2026-01-30T02:52:29.5282864Z Get:19 http://azure.archive.ubuntu.com/ubuntu noble-updates/restricted amd64 c-n-f Metadata [556 B]
2026-01-30T02:52:29.5289154Z Get:20 http://azure.archive.ubuntu.com/ubuntu noble-updates/multiverse amd64 Packages [32.1 kB]
2026-01-30T02:52:29.5301369Z Get:21 http://azure.archive.ubuntu.com/ubuntu noble-updates/multiverse Translation-en [6816 B]
2026-01-30T02:52:29.5308474Z Get:22 http://azure.archive.ubuntu.com/ubuntu noble-updates/multiverse amd64 Components [940 B]
2026-01-30T02:52:29.5316122Z Get:23 http://azure.archive.ubuntu.com/ubuntu noble-updates/multiverse amd64 c-n-f Metadata [496 B]
2026-01-30T02:52:29.5323868Z Get:24 http://azure.archive.ubuntu.com/ubuntu noble-backports/main amd64 Components [7316 B]
2026-01-30T02:52:29.5332269Z Get:25 http://azure.archive.ubuntu.com/ubuntu noble-backports/universe amd64 Components [10.5 kB]
2026-01-30T02:52:29.5339519Z Get:26 http://azure.archive.ubuntu.com/ubuntu noble-backports/restricted amd64 Components [216 B]
2026-01-30T02:52:29.5345342Z Get:27 http://azure.archive.ubuntu.com/ubuntu noble-backports/multiverse amd64 Components [212 B]
2026-01-30T02:52:29.5558356Z Get:28 http://azure.archive.ubuntu.com/ubuntu noble-security/main amd64 Packages [1410 kB]
2026-01-30T02:52:29.5639023Z Get:29 http://azure.archive.ubuntu.com/ubuntu noble-security/main Translation-en [229 kB]
2026-01-30T02:52:29.5666464Z Get:30 http://azure.archive.ubuntu.com/ubuntu noble-security/main amd64 Components [21.5 kB]
2026-01-30T02:52:29.5672989Z Get:31 http://azure.archive.ubuntu.com/ubuntu noble-security/main amd64 c-n-f Metadata [9820 B]
2026-01-30T02:52:29.5966795Z Get:44 https://packages.microsoft.com/ubuntu/24.04/prod noble/main amd64 Packages [87.6 kB]
2026-01-30T02:52:29.6024847Z Get:45 https://packages.microsoft.com/ubuntu/24.04/prod noble/main arm64 Packages [67.5 kB]
2026-01-30T02:52:29.6118353Z Get:32 http://azure.archive.ubuntu.com/ubuntu noble-security/universe amd64 Packages [925 kB]
2026-01-30T02:52:29.6169939Z Get:33 http://azure.archive.ubuntu.com/ubuntu noble-security/universe Translation-en [209 kB]
2026-01-30T02:52:29.6188094Z Get:34 http://azure.archive.ubuntu.com/ubuntu noble-security/universe amd64 Components [74.2 kB]
2026-01-30T02:52:29.6199086Z Get:35 http://azure.archive.ubuntu.com/ubuntu noble-security/universe amd64 c-n-f Metadata [19.7 kB]
2026-01-30T02:52:29.6209450Z Get:36 http://azure.archive.ubuntu.com/ubuntu noble-security/restricted amd64 Packages [2369 kB]
2026-01-30T02:52:29.6328323Z Get:37 http://azure.archive.ubuntu.com/ubuntu noble-security/restricted Translation-en [543 kB]
2026-01-30T02:52:29.6363880Z Get:38 http://azure.archive.ubuntu.com/ubuntu noble-security/restricted amd64 Components [212 B]
2026-01-30T02:52:29.6371437Z Get:39 http://azure.archive.ubuntu.com/ubuntu noble-security/restricted amd64 c-n-f Metadata [536 B]
2026-01-30T02:52:29.6378956Z Get:40 http://azure.archive.ubuntu.com/ubuntu noble-security/multiverse amd64 Packages [28.8 kB]
2026-01-30T02:52:29.6387925Z Get:41 http://azure.archive.ubuntu.com/ubuntu noble-security/multiverse Translation-en [6492 B]
2026-01-30T02:52:29.6395256Z Get:42 http://azure.archive.ubuntu.com/ubuntu noble-security/multiverse amd64 Components [212 B]
2026-01-30T02:52:29.6403375Z Get:43 http://azure.archive.ubuntu.com/ubuntu noble-security/multiverse amd64 c-n-f Metadata [396 B]
2026-01-30T02:52:37.6320838Z Fetched 14.0 MB in 2s (8966 kB/s)
2026-01-30T02:52:38.3858229Z Reading package lists...
2026-01-30T02:52:38.4162889Z Reading package lists...
2026-01-30T02:52:38.5695703Z Building dependency tree...
2026-01-30T02:52:38.5701671Z Reading state information...
2026-01-30T02:52:38.7315451Z The following additional packages will be installed:
2026-01-30T02:52:38.7316339Z   python3-argcomplete python3-toml python3-xmltodict
2026-01-30T02:52:38.7472607Z The following NEW packages will be installed:
2026-01-30T02:52:38.7473926Z   python3-argcomplete python3-toml python3-xmltodict yq
2026-01-30T02:52:38.7628449Z 0 upgraded, 4 newly installed, 0 to remove and 86 not upgraded.
2026-01-30T02:52:38.7628925Z Need to get 81.5 kB of archives.
2026-01-30T02:52:38.7629252Z After this operation, 353 kB of additional disk space will be used.
2026-01-30T02:52:38.7629643Z Get:1 file:/etc/apt/apt-mirrors.txt Mirrorlist [144 B]
2026-01-30T02:52:38.8256723Z Get:2 http://azure.archive.ubuntu.com/ubuntu noble-updates/universe amd64 python3-argcomplete all 3.1.4-1ubuntu0.1 [33.8 kB]
2026-01-30T02:52:38.8746366Z Get:3 http://azure.archive.ubuntu.com/ubuntu noble/universe amd64 python3-toml all 0.10.2-1 [16.5 kB]
2026-01-30T02:52:38.9213668Z Get:4 http://azure.archive.ubuntu.com/ubuntu noble-updates/main amd64 python3-xmltodict all 0.13.0-1ubuntu0.24.04.1 [14.3 kB]
2026-01-30T02:52:38.9675835Z Get:5 http://azure.archive.ubuntu.com/ubuntu noble/universe amd64 yq all 3.1.0-3 [16.9 kB]
2026-01-30T02:52:39.2101058Z Fetched 81.5 kB in 0s (381 kB/s)
2026-01-30T02:52:39.2312472Z Selecting previously unselected package python3-argcomplete.
2026-01-30T02:52:39.2467356Z (Reading database ... 
2026-01-30T02:52:39.2467800Z (Reading database ... 5%
2026-01-30T02:52:39.2468189Z (Reading database ... 10%
2026-01-30T02:52:39.2468557Z (Reading database ... 15%
2026-01-30T02:52:39.2468962Z (Reading database ... 20%
2026-01-30T02:52:39.2469343Z (Reading database ... 25%
2026-01-30T02:52:39.2470007Z (Reading database ... 30%
2026-01-30T02:52:39.2470437Z (Reading database ... 35%
2026-01-30T02:52:39.2470808Z (Reading database ... 40%
2026-01-30T02:52:39.2471222Z (Reading database ... 45%
2026-01-30T02:52:39.2471690Z (Reading database ... 50%
2026-01-30T02:52:39.2539280Z (Reading database ... 55%
2026-01-30T02:52:39.4300909Z (Reading database ... 60%
2026-01-30T02:52:39.4975700Z (Reading database ... 65%
2026-01-30T02:52:39.5933727Z (Reading database ... 70%
2026-01-30T02:52:39.6968521Z (Reading database ... 75%
2026-01-30T02:52:39.8890330Z (Reading database ... 80%
2026-01-30T02:52:40.0058117Z (Reading database ... 85%
2026-01-30T02:52:40.1452771Z (Reading database ... 90%
2026-01-30T02:52:40.3390946Z (Reading database ... 95%
2026-01-30T02:52:40.3391423Z (Reading database ... 100%
2026-01-30T02:52:40.3391871Z (Reading database ... 217639 files and directories currently installed.)
2026-01-30T02:52:40.3450516Z Preparing to unpack .../python3-argcomplete_3.1.4-1ubuntu0.1_all.deb ...
2026-01-30T02:52:40.3474287Z Unpacking python3-argcomplete (3.1.4-1ubuntu0.1) ...
2026-01-30T02:52:40.3690897Z Selecting previously unselected package python3-toml.
2026-01-30T02:52:40.3804585Z Preparing to unpack .../python3-toml_0.10.2-1_all.deb ...
2026-01-30T02:52:40.3814558Z Unpacking python3-toml (0.10.2-1) ...
2026-01-30T02:52:40.3976763Z Selecting previously unselected package python3-xmltodict.
2026-01-30T02:52:40.4090723Z Preparing to unpack .../python3-xmltodict_0.13.0-1ubuntu0.24.04.1_all.deb ...
2026-01-30T02:52:40.4100888Z Unpacking python3-xmltodict (0.13.0-1ubuntu0.24.04.1) ...
2026-01-30T02:52:40.4270143Z Selecting previously unselected package yq.
2026-01-30T02:52:40.4384530Z Preparing to unpack .../archives/yq_3.1.0-3_all.deb ...
2026-01-30T02:52:40.4394619Z Unpacking yq (3.1.0-3) ...
2026-01-30T02:52:40.4707677Z Setting up python3-xmltodict (0.13.0-1ubuntu0.24.04.1) ...
2026-01-30T02:52:40.6859563Z Setting up python3-toml (0.10.2-1) ...
2026-01-30T02:52:40.7874474Z Setting up python3-argcomplete (3.1.4-1ubuntu0.1) ...
2026-01-30T02:52:40.8877672Z Setting up yq (3.1.0-3) ...
2026-01-30T02:52:40.9818497Z Processing triggers for man-db (2.12.0-4build2) ...
2026-01-30T02:52:40.9842290Z Not building database; man-db/auto-update is not 'true'.
2026-01-30T02:52:41.5767878Z 
2026-01-30T02:52:41.5768418Z Running kernel seems to be up-to-date.
2026-01-30T02:52:41.5768672Z 
2026-01-30T02:52:41.5768780Z No services need to be restarted.
2026-01-30T02:52:41.5768992Z 
2026-01-30T02:52:41.5769127Z No containers need to be restarted.
2026-01-30T02:52:41.5769315Z 
2026-01-30T02:52:41.5769446Z No user sessions are running outdated binaries.
2026-01-30T02:52:41.5769677Z 
2026-01-30T02:52:41.5770068Z No VM guests are running outdated hypervisor (qemu) binaries on this host.
2026-01-30T02:52:42.5130264Z ##[group]Run # 验证所有工作流文件的语法
2026-01-30T02:52:42.5130578Z [36;1m# 验证所有工作流文件的语法[0m
2026-01-30T02:52:42.5130814Z [36;1mfor file in .github/workflows/*.yml; do[0m
2026-01-30T02:52:42.5131083Z [36;1m  echo "Validating $file..."[0m
2026-01-30T02:52:42.5131361Z [36;1m  if ! yq eval '.' "$file" > /dev/null 2>&1; then[0m
2026-01-30T02:52:42.5131655Z [36;1m    echo "Error: Invalid YAML in $file"[0m
2026-01-30T02:52:42.5131912Z [36;1m    # 输出详细错误信息[0m
2026-01-30T02:52:42.5132127Z [36;1m    yq eval '.' "$file"[0m
2026-01-30T02:52:42.5132337Z [36;1m    exit 1[0m
2026-01-30T02:52:42.5132510Z [36;1m  fi[0m
2026-01-30T02:52:42.5132671Z [36;1mdone[0m
2026-01-30T02:52:42.5132880Z [36;1mecho "All workflow files are valid!"[0m
2026-01-30T02:52:42.5152903Z shell: /usr/bin/bash -e {0}
2026-01-30T02:52:42.5153143Z ##[endgroup]
2026-01-30T02:52:42.5190368Z Validating .github/workflows/all-in-one-fixer.yml...
2026-01-30T02:52:42.6038015Z Error: Invalid YAML in .github/workflows/all-in-one-fixer.yml
2026-01-30T02:52:42.6741099Z usage: yq [-h] [--yaml-output] [--yaml-roundtrip]
2026-01-30T02:52:42.6742052Z           [--yaml-output-grammar-version {1.1,1.2}] [--width WIDTH]
2026-01-30T02:52:42.6742881Z           [--indentless-lists] [--in-place] [--version]
2026-01-30T02:52:42.6743347Z           [jq_filter] [files ...]
2026-01-30T02:52:42.6743882Z yq: error: argument files: can't open '.': [Errno 21] Is a directory: '.'
2026-01-30T02:52:42.6855221Z ##[error]Process completed with exit code 2.
2026-01-30T02:52:42.6951414Z Post job cleanup.
2026-01-30T02:52:42.7802281Z [command]/usr/bin/git version
2026-01-30T02:52:42.7834082Z git version 2.52.0
2026-01-30T02:52:42.7873241Z Temporarily overriding HOME='/home/runner/work/_temp/b55a2430-47f2-462d-9510-f97387e5b874' before making global git config changes
2026-01-30T02:52:42.7874749Z Adding repository directory to the temporary git global config as a safe directory
2026-01-30T02:52:42.7879573Z [command]/usr/bin/git config --global --add safe.directory /home/runner/work/coze-studio-test/coze-studio-test
2026-01-30T02:52:42.7915660Z [command]/usr/bin/git config --local --name-only --get-regexp core\.sshCommand
2026-01-30T02:52:42.7942345Z [command]/usr/bin/git submodule foreach --recursive sh -c "git config --local --name-only --get-regexp 'core\.sshCommand' && git config --local --unset-all 'core.sshCommand' || :"
2026-01-30T02:52:42.8145190Z [command]/usr/bin/git config --local --name-only --get-regexp http\.https\:\/\/github\.com\/\.extraheader
2026-01-30T02:52:42.8161984Z http.https://github.com/.extraheader
2026-01-30T02:52:42.8172163Z [command]/usr/bin/git config --local --unset-all http.https://github.com/.extraheader
2026-01-30T02:52:42.8195708Z [command]/usr/bin/git submodule foreach --recursive sh -c "git config --local --name-only --get-regexp 'http\.https\:\/\/github\.com\/\.extraheader' && git config --local --unset-all 'http.https://github.com/.extraheader' || :"
2026-01-30T02:52:42.8387573Z [command]/usr/bin/git config --local --name-only --get-regexp ^includeIf\.gitdir:
2026-01-30T02:52:42.8414645Z [command]/usr/bin/git submodule foreach --recursive git config --local --show-origin --name-only --get-regexp remote.origin.url
2026-01-30T02:52:42.8699616Z Cleaning up orphan processes
