2026-01-30T04:37:44.5348708Z Current runner version: '2.331.0'
2026-01-30T04:37:44.5370289Z ##[group]Runner Image Provisioner
2026-01-30T04:37:44.5371140Z Hosted Compute Agent
2026-01-30T04:37:44.5372070Z Version: 20260123.484
2026-01-30T04:37:44.5372697Z Commit: 6bd6555ca37d84114959e1c76d2c01448ff61c5d
2026-01-30T04:37:44.5373338Z Build Date: 2026-01-23T19:41:17Z
2026-01-30T04:37:44.5374036Z Worker ID: {734b0093-df20-4adc-a68d-e9cb7d3047cf}
2026-01-30T04:37:44.5374817Z Azure Region: westcentralus
2026-01-30T04:37:44.5375365Z ##[endgroup]
2026-01-30T04:37:44.5376844Z ##[group]Operating System
2026-01-30T04:37:44.5377411Z Ubuntu
2026-01-30T04:37:44.5377876Z 24.04.3
2026-01-30T04:37:44.5378268Z LTS
2026-01-30T04:37:44.5378822Z ##[endgroup]
2026-01-30T04:37:44.5379280Z ##[group]Runner Image
2026-01-30T04:37:44.5379800Z Image: ubuntu-24.04
2026-01-30T04:37:44.5380370Z Version: 20260126.10.1
2026-01-30T04:37:44.5381746Z Included Software: https://github.com/actions/runner-images/blob/ubuntu24/20260126.10/images/ubuntu/Ubuntu2404-Readme.md
2026-01-30T04:37:44.5383295Z Image Release: https://github.com/actions/runner-images/releases/tag/ubuntu24%2F20260126.10
2026-01-30T04:37:44.5384174Z ##[endgroup]
2026-01-30T04:37:44.5386385Z ##[group]GITHUB_TOKEN Permissions
2026-01-30T04:37:44.5388339Z Actions: write
2026-01-30T04:37:44.5388839Z Checks: read
2026-01-30T04:37:44.5389460Z Contents: write
2026-01-30T04:37:44.5389922Z Deployments: read
2026-01-30T04:37:44.5390424Z Issues: read
2026-01-30T04:37:44.5390960Z Metadata: read
2026-01-30T04:37:44.5391598Z Packages: read
2026-01-30T04:37:44.5392109Z Pages: write
2026-01-30T04:37:44.5392646Z PullRequests: read
2026-01-30T04:37:44.5393191Z RepositoryProjects: read
2026-01-30T04:37:44.5393713Z SecurityEvents: read
2026-01-30T04:37:44.5394262Z Statuses: read
2026-01-30T04:37:44.5394857Z ##[endgroup]
2026-01-30T04:37:44.5396747Z Secret source: Actions
2026-01-30T04:37:44.5397542Z Prepare workflow directory
2026-01-30T04:37:44.5776289Z Prepare all required actions
2026-01-30T04:37:44.5813700Z Getting action download info
2026-01-30T04:37:44.9915282Z Download action repository 'actions/checkout@v4' (SHA:34e114876b0b11c390a56381ad16ebd13914f8d5)
2026-01-30T04:37:45.0997426Z Download action repository 'actions/setup-node@v5' (SHA:a0853c24544627f65ddf259abe73b1d18a591444)
2026-01-30T04:37:45.2566279Z Download action repository 'actions/github-script@v7' (SHA:f28e40c7f34bde8b3046d885e986cb6290c5673b)
2026-01-30T04:37:45.9189405Z Complete job name: Workflow Auto-Fixer
2026-01-30T04:37:45.9997458Z ##[group]Run actions/checkout@v4
2026-01-30T04:37:45.9998717Z with:
2026-01-30T04:37:45.9999426Z   fetch-depth: 0
2026-01-30T04:37:46.0000526Z   token: ***
2026-01-30T04:37:46.0001302Z   repository: yhyub/coze-studio-test
2026-01-30T04:37:46.0002510Z   ssh-strict: true
2026-01-30T04:37:46.0003268Z   ssh-user: git
2026-01-30T04:37:46.0004024Z   persist-credentials: true
2026-01-30T04:37:46.0004887Z   clean: true
2026-01-30T04:37:46.0005653Z   sparse-checkout-cone-mode: true
2026-01-30T04:37:46.0006588Z   fetch-tags: false
2026-01-30T04:37:46.0007384Z   show-progress: true
2026-01-30T04:37:46.0008158Z   lfs: false
2026-01-30T04:37:46.0008856Z   submodules: false
2026-01-30T04:37:46.0009623Z   set-safe-directory: true
2026-01-30T04:37:46.0010756Z ##[endgroup]
2026-01-30T04:37:46.1065256Z Syncing repository: yhyub/coze-studio-test
2026-01-30T04:37:46.1067738Z ##[group]Getting Git version info
2026-01-30T04:37:46.1069253Z Working directory is '/home/runner/work/coze-studio-test/coze-studio-test'
2026-01-30T04:37:46.1071278Z [command]/usr/bin/git version
2026-01-30T04:37:46.1144267Z git version 2.52.0
2026-01-30T04:37:46.1171003Z ##[endgroup]
2026-01-30T04:37:46.1187059Z Temporarily overriding HOME='/home/runner/work/_temp/e53b5592-d5ff-4061-bd07-6e5aa0acf54d' before making global git config changes
2026-01-30T04:37:46.1192003Z Adding repository directory to the temporary git global config as a safe directory
2026-01-30T04:37:46.1200801Z [command]/usr/bin/git config --global --add safe.directory /home/runner/work/coze-studio-test/coze-studio-test
2026-01-30T04:37:46.1241702Z Deleting the contents of '/home/runner/work/coze-studio-test/coze-studio-test'
2026-01-30T04:37:46.1245484Z ##[group]Initializing the repository
2026-01-30T04:37:46.1250398Z [command]/usr/bin/git init /home/runner/work/coze-studio-test/coze-studio-test
2026-01-30T04:37:46.1354282Z hint: Using 'master' as the name for the initial branch. This default branch name
2026-01-30T04:37:46.1357565Z hint: will change to "main" in Git 3.0. To configure the initial branch name
2026-01-30T04:37:46.1360438Z hint: to use in all of your new repositories, which will suppress this warning,
2026-01-30T04:37:46.1362139Z hint: call:
2026-01-30T04:37:46.1362823Z hint:
2026-01-30T04:37:46.1363698Z hint: 	git config --global init.defaultBranch <name>
2026-01-30T04:37:46.1365347Z hint:
2026-01-30T04:37:46.1366400Z hint: Names commonly chosen instead of 'master' are 'main', 'trunk' and
2026-01-30T04:37:46.1368153Z hint: 'development'. The just-created branch can be renamed via this command:
2026-01-30T04:37:46.1369740Z hint:
2026-01-30T04:37:46.1370883Z hint: 	git branch -m <name>
2026-01-30T04:37:46.1372408Z hint:
2026-01-30T04:37:46.1373685Z hint: Disable this message with "git config set advice.defaultBranchName false"
2026-01-30T04:37:46.1375789Z Initialized empty Git repository in /home/runner/work/coze-studio-test/coze-studio-test/.git/
2026-01-30T04:37:46.1378957Z [command]/usr/bin/git remote add origin https://github.com/yhyub/coze-studio-test
2026-01-30T04:37:46.1406393Z ##[endgroup]
2026-01-30T04:37:46.1407895Z ##[group]Disabling automatic garbage collection
2026-01-30T04:37:46.1409623Z [command]/usr/bin/git config --local gc.auto 0
2026-01-30T04:37:46.1438786Z ##[endgroup]
2026-01-30T04:37:46.1440300Z ##[group]Setting up auth
2026-01-30T04:37:46.1444824Z [command]/usr/bin/git config --local --name-only --get-regexp core\.sshCommand
2026-01-30T04:37:46.1473639Z [command]/usr/bin/git submodule foreach --recursive sh -c "git config --local --name-only --get-regexp 'core\.sshCommand' && git config --local --unset-all 'core.sshCommand' || :"
2026-01-30T04:37:46.1820136Z [command]/usr/bin/git config --local --name-only --get-regexp http\.https\:\/\/github\.com\/\.extraheader
2026-01-30T04:37:46.1852416Z [command]/usr/bin/git submodule foreach --recursive sh -c "git config --local --name-only --get-regexp 'http\.https\:\/\/github\.com\/\.extraheader' && git config --local --unset-all 'http.https://github.com/.extraheader' || :"
2026-01-30T04:37:46.2068573Z [command]/usr/bin/git config --local --name-only --get-regexp ^includeIf\.gitdir:
2026-01-30T04:37:46.2108365Z [command]/usr/bin/git submodule foreach --recursive git config --local --show-origin --name-only --get-regexp remote.origin.url
2026-01-30T04:37:46.2329241Z [command]/usr/bin/git config --local http.https://github.com/.extraheader AUTHORIZATION: basic ***
2026-01-30T04:37:46.2362461Z ##[endgroup]
2026-01-30T04:37:46.2364556Z ##[group]Fetching the repository
2026-01-30T04:37:46.2370704Z [command]/usr/bin/git -c protocol.version=2 fetch --prune --no-recurse-submodules origin +refs/heads/*:refs/remotes/origin/* +refs/tags/*:refs/tags/*
2026-01-30T04:37:48.7632401Z From https://github.com/yhyub/coze-studio-test
2026-01-30T04:37:48.7634026Z  * [new branch]        gh-pages   -> origin/gh-pages
2026-01-30T04:37:48.7634754Z  * [new branch]        main       -> origin/main
2026-01-30T04:37:48.7635405Z  * [new branch]        master     -> origin/master
2026-01-30T04:37:48.7636268Z  * [new tag]           v1.0.0     -> v1.0.0
2026-01-30T04:37:48.7636883Z  * [new tag]           v1.0.1     -> v1.0.1
2026-01-30T04:37:48.7677890Z [command]/usr/bin/git branch --list --remote origin/main
2026-01-30T04:37:48.7701090Z   origin/main
2026-01-30T04:37:48.7709356Z [command]/usr/bin/git rev-parse refs/remotes/origin/main
2026-01-30T04:37:48.7728824Z 070297e155a380b13a703ea04e3b893944d31b3d
2026-01-30T04:37:48.7733283Z ##[endgroup]
2026-01-30T04:37:48.7733830Z ##[group]Determining the checkout info
2026-01-30T04:37:48.7734607Z ##[endgroup]
2026-01-30T04:37:48.7738771Z [command]/usr/bin/git sparse-checkout disable
2026-01-30T04:37:48.7777585Z [command]/usr/bin/git config --local --unset-all extensions.worktreeConfig
2026-01-30T04:37:48.7802129Z ##[group]Checking out the ref
2026-01-30T04:37:48.7806118Z [command]/usr/bin/git checkout --progress --force -B main refs/remotes/origin/main
2026-01-30T04:37:49.6856173Z Switched to a new branch 'main'
2026-01-30T04:37:49.6857305Z branch 'main' set up to track 'origin/main'.
2026-01-30T04:37:49.6905167Z ##[endgroup]
2026-01-30T04:37:49.6951141Z [command]/usr/bin/git log -1 --format=%H
2026-01-30T04:37:49.6975901Z 070297e155a380b13a703ea04e3b893944d31b3d
2026-01-30T04:37:49.7151677Z ##[group]Run git config --global user.name "GitHub Actions"
2026-01-30T04:37:49.7152192Z [36;1mgit config --global user.name "GitHub Actions"[0m
2026-01-30T04:37:49.7152591Z [36;1mgit config --global user.email "actions@github.com"[0m
2026-01-30T04:37:49.7189357Z shell: /usr/bin/bash -e {0}
2026-01-30T04:37:49.7189637Z ##[endgroup]
2026-01-30T04:37:49.7384723Z ##[group]Run actions/setup-node@v5
2026-01-30T04:37:49.7385013Z with:
2026-01-30T04:37:49.7385209Z   node-version: 20
2026-01-30T04:37:49.7385427Z   always-auth: false
2026-01-30T04:37:49.7385624Z   check-latest: false
2026-01-30T04:37:49.7385951Z   token: ***
2026-01-30T04:37:49.7386159Z   package-manager-cache: true
2026-01-30T04:37:49.7386395Z ##[endgroup]
2026-01-30T04:37:49.8773298Z Found in cache @ /opt/hostedtoolcache/node/20.20.0/x64
2026-01-30T04:37:49.8777843Z (node:2243) [DEP0040] DeprecationWarning: The `punycode` module is deprecated. Please use a userland alternative instead.
2026-01-30T04:37:49.8779108Z (Use `node --trace-deprecation ...` to show where the warning was created)
2026-01-30T04:37:49.8781170Z ##[group]Environment details
2026-01-30T04:37:50.2000588Z node: v20.20.0
2026-01-30T04:37:50.2000967Z npm: 10.8.2
2026-01-30T04:37:50.2001192Z yarn: 1.22.22
2026-01-30T04:37:50.2001869Z ##[endgroup]
2026-01-30T04:37:50.2137468Z ##[group]Run sudo apt-get update && sudo apt-get install -y yq
2026-01-30T04:37:50.2137961Z [36;1msudo apt-get update && sudo apt-get install -y yq[0m
2026-01-30T04:37:50.2179622Z shell: /usr/bin/bash -e {0}
2026-01-30T04:37:50.2179876Z ##[endgroup]
2026-01-30T04:37:50.3001184Z Get:1 file:/etc/apt/apt-mirrors.txt Mirrorlist [144 B]
2026-01-30T04:37:50.3250551Z Hit:2 http://azure.archive.ubuntu.com/ubuntu noble InRelease
2026-01-30T04:37:50.3268630Z Get:3 http://azure.archive.ubuntu.com/ubuntu noble-updates InRelease [126 kB]
2026-01-30T04:37:50.3324342Z Get:4 http://azure.archive.ubuntu.com/ubuntu noble-backports InRelease [126 kB]
2026-01-30T04:37:50.3339388Z Hit:6 https://packages.microsoft.com/repos/azure-cli noble InRelease
2026-01-30T04:37:50.3343933Z Get:5 http://azure.archive.ubuntu.com/ubuntu noble-security InRelease [126 kB]
2026-01-30T04:37:50.3436108Z Get:7 https://packages.microsoft.com/ubuntu/24.04/prod noble InRelease [3600 B]
2026-01-30T04:37:50.4553284Z Get:8 http://azure.archive.ubuntu.com/ubuntu noble-updates/main amd64 Packages [1717 kB]
2026-01-30T04:37:50.4718017Z Get:9 http://azure.archive.ubuntu.com/ubuntu noble-updates/main Translation-en [317 kB]
2026-01-30T04:37:50.4750666Z Get:10 http://azure.archive.ubuntu.com/ubuntu noble-updates/main amd64 Components [175 kB]
2026-01-30T04:37:50.4768977Z Get:11 http://azure.archive.ubuntu.com/ubuntu noble-updates/main amd64 c-n-f Metadata [16.0 kB]
2026-01-30T04:37:50.4779743Z Get:12 http://azure.archive.ubuntu.com/ubuntu noble-updates/universe amd64 Packages [1526 kB]
2026-01-30T04:37:50.4874487Z Get:13 http://azure.archive.ubuntu.com/ubuntu noble-updates/universe Translation-en [312 kB]
2026-01-30T04:37:50.4900403Z Get:14 http://azure.archive.ubuntu.com/ubuntu noble-updates/universe amd64 Components [386 kB]
2026-01-30T04:37:50.4934613Z Get:15 http://azure.archive.ubuntu.com/ubuntu noble-updates/universe amd64 c-n-f Metadata [31.8 kB]
2026-01-30T04:37:50.4945259Z Get:16 http://azure.archive.ubuntu.com/ubuntu noble-updates/restricted amd64 Packages [2536 kB]
2026-01-30T04:37:50.5095577Z Get:17 http://azure.archive.ubuntu.com/ubuntu noble-updates/restricted Translation-en [580 kB]
2026-01-30T04:37:50.5594904Z Get:18 http://azure.archive.ubuntu.com/ubuntu noble-updates/restricted amd64 Components [212 B]
2026-01-30T04:37:50.5606855Z Get:19 http://azure.archive.ubuntu.com/ubuntu noble-updates/restricted amd64 c-n-f Metadata [556 B]
2026-01-30T04:37:50.5620870Z Get:20 http://azure.archive.ubuntu.com/ubuntu noble-updates/multiverse amd64 Packages [32.1 kB]
2026-01-30T04:37:50.5633340Z Get:21 http://azure.archive.ubuntu.com/ubuntu noble-updates/multiverse Translation-en [6816 B]
2026-01-30T04:37:50.5643389Z Get:22 http://azure.archive.ubuntu.com/ubuntu noble-updates/multiverse amd64 Components [940 B]
2026-01-30T04:37:50.5654709Z Get:23 http://azure.archive.ubuntu.com/ubuntu noble-updates/multiverse amd64 c-n-f Metadata [496 B]
2026-01-30T04:37:50.5664651Z Get:24 http://azure.archive.ubuntu.com/ubuntu noble-backports/main amd64 Components [7316 B]
2026-01-30T04:37:50.5676969Z Get:25 http://azure.archive.ubuntu.com/ubuntu noble-backports/universe amd64 Components [10.5 kB]
2026-01-30T04:37:50.5688051Z Get:26 http://azure.archive.ubuntu.com/ubuntu noble-backports/restricted amd64 Components [216 B]
2026-01-30T04:37:50.5701004Z Get:27 http://azure.archive.ubuntu.com/ubuntu noble-backports/multiverse amd64 Components [212 B]
2026-01-30T04:37:50.6005424Z Get:28 http://azure.archive.ubuntu.com/ubuntu noble-security/main amd64 Packages [1410 kB]
2026-01-30T04:37:50.6090083Z Get:29 http://azure.archive.ubuntu.com/ubuntu noble-security/main Translation-en [229 kB]
2026-01-30T04:37:50.6122362Z Get:30 http://azure.archive.ubuntu.com/ubuntu noble-security/main amd64 Components [21.5 kB]
2026-01-30T04:37:50.6129666Z Get:31 http://azure.archive.ubuntu.com/ubuntu noble-security/main amd64 c-n-f Metadata [9820 B]
2026-01-30T04:37:50.6556354Z Get:32 http://azure.archive.ubuntu.com/ubuntu noble-security/universe amd64 Packages [925 kB]
2026-01-30T04:37:50.6605855Z Get:44 https://packages.microsoft.com/ubuntu/24.04/prod noble/main amd64 Packages [87.6 kB]
2026-01-30T04:37:50.6615062Z Get:33 http://azure.archive.ubuntu.com/ubuntu noble-security/universe Translation-en [209 kB]
2026-01-30T04:37:50.6632576Z Get:34 http://azure.archive.ubuntu.com/ubuntu noble-security/universe amd64 Components [74.2 kB]
2026-01-30T04:37:50.6647077Z Get:35 http://azure.archive.ubuntu.com/ubuntu noble-security/universe amd64 c-n-f Metadata [19.7 kB]
2026-01-30T04:37:50.6658370Z Get:36 http://azure.archive.ubuntu.com/ubuntu noble-security/restricted amd64 Packages [2369 kB]
2026-01-30T04:37:50.6674425Z Get:45 https://packages.microsoft.com/ubuntu/24.04/prod noble/main arm64 Packages [67.5 kB]
2026-01-30T04:37:50.6799116Z Get:37 http://azure.archive.ubuntu.com/ubuntu noble-security/restricted Translation-en [543 kB]
2026-01-30T04:37:50.6840515Z Get:38 http://azure.archive.ubuntu.com/ubuntu noble-security/restricted amd64 Components [212 B]
2026-01-30T04:37:50.6850873Z Get:39 http://azure.archive.ubuntu.com/ubuntu noble-security/restricted amd64 c-n-f Metadata [536 B]
2026-01-30T04:37:50.6869965Z Get:40 http://azure.archive.ubuntu.com/ubuntu noble-security/multiverse amd64 Packages [28.8 kB]
2026-01-30T04:37:50.6887536Z Get:41 http://azure.archive.ubuntu.com/ubuntu noble-security/multiverse Translation-en [6492 B]
2026-01-30T04:37:50.6897011Z Get:42 http://azure.archive.ubuntu.com/ubuntu noble-security/multiverse amd64 Components [212 B]
2026-01-30T04:37:50.6905844Z Get:43 http://azure.archive.ubuntu.com/ubuntu noble-security/multiverse amd64 c-n-f Metadata [396 B]
2026-01-30T04:37:59.2379229Z Fetched 14.0 MB in 2s (8904 kB/s)
2026-01-30T04:37:59.9803104Z Reading package lists...
2026-01-30T04:38:00.0129672Z Reading package lists...
2026-01-30T04:38:00.1766549Z Building dependency tree...
2026-01-30T04:38:00.1774097Z Reading state information...
2026-01-30T04:38:00.3298361Z The following additional packages will be installed:
2026-01-30T04:38:00.3460449Z   python3-argcomplete python3-toml python3-xmltodict
2026-01-30T04:38:00.3461187Z The following NEW packages will be installed:
2026-01-30T04:38:00.3462612Z   python3-argcomplete python3-toml python3-xmltodict yq
2026-01-30T04:38:00.3632393Z 0 upgraded, 4 newly installed, 0 to remove and 86 not upgraded.
2026-01-30T04:38:00.3633011Z Need to get 81.5 kB of archives.
2026-01-30T04:38:00.3633423Z After this operation, 353 kB of additional disk space will be used.
2026-01-30T04:38:00.3634150Z Get:1 file:/etc/apt/apt-mirrors.txt Mirrorlist [144 B]
2026-01-30T04:38:00.5521073Z Get:2 http://azure.archive.ubuntu.com/ubuntu noble-updates/universe amd64 python3-argcomplete all 3.1.4-1ubuntu0.1 [33.8 kB]
2026-01-30T04:38:00.6008966Z Get:3 http://azure.archive.ubuntu.com/ubuntu noble/universe amd64 python3-toml all 0.10.2-1 [16.5 kB]
2026-01-30T04:38:00.6487662Z Get:4 http://azure.archive.ubuntu.com/ubuntu noble-updates/main amd64 python3-xmltodict all 0.13.0-1ubuntu0.24.04.1 [14.3 kB]
2026-01-30T04:38:00.6968291Z Get:5 http://azure.archive.ubuntu.com/ubuntu noble/universe amd64 yq all 3.1.0-3 [16.9 kB]
2026-01-30T04:38:00.9436230Z Fetched 81.5 kB in 0s (237 kB/s)
2026-01-30T04:38:00.9662044Z Selecting previously unselected package python3-argcomplete.
2026-01-30T04:38:00.9938896Z (Reading database ... 
2026-01-30T04:38:00.9939365Z (Reading database ... 5%
2026-01-30T04:38:00.9939935Z (Reading database ... 10%
2026-01-30T04:38:00.9940216Z (Reading database ... 15%
2026-01-30T04:38:00.9940464Z (Reading database ... 20%
2026-01-30T04:38:00.9940697Z (Reading database ... 25%
2026-01-30T04:38:00.9940925Z (Reading database ... 30%
2026-01-30T04:38:00.9941146Z (Reading database ... 35%
2026-01-30T04:38:00.9941612Z (Reading database ... 40%
2026-01-30T04:38:00.9941922Z (Reading database ... 45%
2026-01-30T04:38:00.9942194Z (Reading database ... 50%
2026-01-30T04:38:01.0038100Z (Reading database ... 55%
2026-01-30T04:38:01.1360699Z (Reading database ... 60%
2026-01-30T04:38:01.2153184Z (Reading database ... 65%
2026-01-30T04:38:01.3024071Z (Reading database ... 70%
2026-01-30T04:38:01.3881797Z (Reading database ... 75%
2026-01-30T04:38:01.5380190Z (Reading database ... 80%
2026-01-30T04:38:01.6734294Z (Reading database ... 85%
2026-01-30T04:38:01.7923791Z (Reading database ... 90%
2026-01-30T04:38:01.9547170Z (Reading database ... 95%
2026-01-30T04:38:01.9547719Z (Reading database ... 100%
2026-01-30T04:38:01.9548552Z (Reading database ... 217639 files and directories currently installed.)
2026-01-30T04:38:01.9588381Z Preparing to unpack .../python3-argcomplete_3.1.4-1ubuntu0.1_all.deb ...
2026-01-30T04:38:01.9617602Z Unpacking python3-argcomplete (3.1.4-1ubuntu0.1) ...
2026-01-30T04:38:01.9944145Z Selecting previously unselected package python3-toml.
2026-01-30T04:38:02.0071554Z Preparing to unpack .../python3-toml_0.10.2-1_all.deb ...
2026-01-30T04:38:02.0083663Z Unpacking python3-toml (0.10.2-1) ...
2026-01-30T04:38:02.0315096Z Selecting previously unselected package python3-xmltodict.
2026-01-30T04:38:02.0441708Z Preparing to unpack .../python3-xmltodict_0.13.0-1ubuntu0.24.04.1_all.deb ...
2026-01-30T04:38:02.0452101Z Unpacking python3-xmltodict (0.13.0-1ubuntu0.24.04.1) ...
2026-01-30T04:38:02.0687206Z Selecting previously unselected package yq.
2026-01-30T04:38:02.0815046Z Preparing to unpack .../archives/yq_3.1.0-3_all.deb ...
2026-01-30T04:38:02.0824305Z Unpacking yq (3.1.0-3) ...
2026-01-30T04:38:02.1224368Z Setting up python3-xmltodict (0.13.0-1ubuntu0.24.04.1) ...
2026-01-30T04:38:02.2788201Z Setting up python3-toml (0.10.2-1) ...
2026-01-30T04:38:02.3843106Z Setting up python3-argcomplete (3.1.4-1ubuntu0.1) ...
2026-01-30T04:38:02.4896065Z Setting up yq (3.1.0-3) ...
2026-01-30T04:38:02.5886712Z Processing triggers for man-db (2.12.0-4build2) ...
2026-01-30T04:38:02.5914142Z Not building database; man-db/auto-update is not 'true'.
2026-01-30T04:38:03.2308358Z 
2026-01-30T04:38:03.2309019Z Running kernel seems to be up-to-date.
2026-01-30T04:38:03.2309393Z 
2026-01-30T04:38:03.2309611Z No services need to be restarted.
2026-01-30T04:38:03.2309857Z 
2026-01-30T04:38:03.2310103Z No containers need to be restarted.
2026-01-30T04:38:03.2310368Z 
2026-01-30T04:38:03.2310956Z No user sessions are running outdated binaries.
2026-01-30T04:38:03.2311282Z 
2026-01-30T04:38:03.2311958Z No VM guests are running outdated hypervisor (qemu) binaries on this host.
2026-01-30T04:38:04.1307890Z ##[group]Run actions/github-script@v7
2026-01-30T04:38:04.1308175Z with:
2026-01-30T04:38:04.1313356Z   script: // 自动修复常见工作流错误
const fs = require('fs');
const path = require('path');

// 使用当前工作目录作为基础路径
const workflowsDir = path.join(process.cwd(), '.github', 'workflows');
console.log(`Workflow directory: ${workflowsDir}`);

// 检查目录是否存在
if (!fs.existsSync(workflowsDir)) {
  console.error(`Directory ${workflowsDir} does not exist`);
  return;
}

const files = fs.readdirSync(workflowsDir);

let fixedFiles = 0;

files.forEach(file => {
  if (file.endsWith('.yml') || file.endsWith('.yaml')) {
    const filePath = path.join(workflowsDir, file);
    let content = fs.readFileSync(filePath, 'utf8');
    let originalContent = content;
    
    // 修复常见版本问题
    content = content.replace(/actions\/checkout@v3/g, 'actions/checkout@v4');
    content = content.replace(/actions\/setup-node@v3/g, 'actions/setup-node@v4');
    content = content.replace(/actions\/setup-go@v4/g, 'actions/setup-go@v5');
    
    // 修复权限问题 - 使用最小必要权限
    if (content.includes('contents: write') && !content.includes('permissions:')) {
        content = content.replace(
            /permissions:\s*\{\}/,
            'permissions:\\n  contents: write'
        );
    }
    
    // 移除无效的workflows权限配置
    content = content.replace(/workflows: write\\n/g, '');
    content = content.replace(/workflows: read\\n/g, '');
    
    // 修复超时设置
    content = content.replace(/timeout-minutes: 10/g, 'timeout-minutes: 30');
    
    // 只在内容变化时写入
    if (content !== originalContent) {
      fs.writeFileSync(filePath, content, 'utf8');
      console.log(`Fixed ${file}`);
      fixedFiles++;
    }
  }
});

console.log(`\nFixed ${fixedFiles} files`);

2026-01-30T04:38:04.1318623Z   github-token: ***
2026-01-30T04:38:04.1318820Z   debug: false
2026-01-30T04:38:04.1319020Z   user-agent: actions/github-script
2026-01-30T04:38:04.1319269Z   result-encoding: json
2026-01-30T04:38:04.1319461Z   retries: 0
2026-01-30T04:38:04.1319684Z   retry-exempt-status-codes: 400,401,403,404,422
2026-01-30T04:38:04.1319962Z ##[endgroup]
2026-01-30T04:38:04.2153420Z Workflow directory: /home/runner/work/coze-studio-test/coze-studio-test/.github/workflows
2026-01-30T04:38:04.2162448Z Fixed all-in-one-fixer.yml
2026-01-30T04:38:04.2165045Z Fixed ci.yml
2026-01-30T04:38:04.2167499Z Fixed ci@main.yml
2026-01-30T04:38:04.2169877Z Fixed common-pr-checks.yml
2026-01-30T04:38:04.2173649Z Fixed complete-ci-cd.yml
2026-01-30T04:38:04.2176351Z Fixed idl.yaml
2026-01-30T04:38:04.2183428Z Fixed workflow-fixer.yml
2026-01-30T04:38:04.2184354Z 
2026-01-30T04:38:04.2184501Z Fixed 7 files
2026-01-30T04:38:04.2291040Z ##[group]Run actions/github-script@v7
2026-01-30T04:38:04.2291315Z with:
2026-01-30T04:38:04.2297152Z   script: // 检查是否有更改
const { execSync } = require('child_process');
try {
  execSync('git diff --quiet');
  console.log('No changes to commit');
  return;
} catch (error) {
  // 有更改，继续执行
}

// 获取当前提交信息
const currentCommit = execSync('git rev-parse HEAD').toString().trim();
const repository = process.env.GITHUB_REPOSITORY;
const branch = 'main';

console.log('Changes detected, preparing to update files...');

// 读取所有修改的文件
const files = execSync('git diff --name-only').toString().trim().split('\n');

// 只处理工作流文件
const workflowFiles = files.filter(file => file.startsWith('.github/workflows/'));

if (workflowFiles.length === 0) {
  console.log('No workflow files changed');
  return;
}

console.log(`Updating ${workflowFiles.length} workflow files...`);

// 使用 GitHub API 更新文件
// 注意：在 actions/github-script 中，github 变量是内置的，不需要重新声明

for (const file of workflowFiles) {
  console.log(`Updating ${file}...`);
  
  // 读取文件内容
  const fs = require('fs');
  const content = fs.readFileSync(file, 'utf8');
  
  // 获取文件的当前 SHA
  let sha;
  try {
    const response = await github.rest.repos.getContent({
      owner: repository.split('/')[0],
      repo: repository.split('/')[1],
      path: file,
      ref: branch
    });
    sha = response.data.sha;
  } catch (error) {
    console.log(`File ${file} doesn't exist, creating it...`);
  }
  
  // 更新或创建文件
  await github.rest.repos.createOrUpdateFileContents({
    owner: repository.split('/')[0],
    repo: repository.split('/')[1],
    path: file,
    message: 'fix: auto-correct workflow configuration errors',
    content: Buffer.from(content).toString('base64'),
    branch: branch,
    sha: sha
  });
  
  console.log(`Updated ${file}`);
}

console.log('All workflow files updated successfully!');

2026-01-30T04:38:04.2303343Z   github-token: ***
2026-01-30T04:38:04.2303546Z   debug: false
2026-01-30T04:38:04.2303738Z   user-agent: actions/github-script
2026-01-30T04:38:04.2303995Z   result-encoding: json
2026-01-30T04:38:04.2304187Z   retries: 0
2026-01-30T04:38:04.2304403Z   retry-exempt-status-codes: 400,401,403,404,422
2026-01-30T04:38:04.2304684Z ##[endgroup]
2026-01-30T04:38:04.6069364Z Changes detected, preparing to update files...
2026-01-30T04:38:04.8649815Z Updating 7 workflow files...
2026-01-30T04:38:04.8650497Z Updating .github/workflows/all-in-one-fixer.yml...
2026-01-30T04:38:05.9787070Z RequestError [HttpError]: refusing to allow a GitHub App to create or update workflow `.github/workflows/all-in-one-fixer.yml` without `workflows` permission
2026-01-30T04:38:05.9788418Z     at /home/runner/work/_actions/actions/github-script/v7/dist/index.js:9537:21
2026-01-30T04:38:05.9789594Z     at process.processTicksAndRejections (node:internal/process/task_queues:95:5)
2026-01-30T04:38:05.9790667Z     at async eval (eval at callAsyncFunction (/home/runner/work/_actions/actions/github-script/v7/dist/index.js:36187:16), <anonymous>:58:3)
2026-01-30T04:38:05.9791932Z     at async main (/home/runner/work/_actions/actions/github-script/v7/dist/index.js:36285:20) {
2026-01-30T04:38:05.9792464Z   status: 403,
2026-01-30T04:38:05.9792695Z   response: {
2026-01-30T04:38:05.9793351Z     url: 'https://api.github.com/repos/yhyub/coze-studio-test/contents/.github%2Fworkflows%2Fall-in-one-fixer.yml',
2026-01-30T04:38:05.9794006Z     status: 403,
2026-01-30T04:38:05.9794234Z     headers: {
2026-01-30T04:38:05.9794516Z       'access-control-allow-origin': '*',
2026-01-30T04:38:05.9796371Z       'access-control-expose-headers': 'ETag, Link, Location, Retry-After, X-GitHub-OTP, X-RateLimit-Limit, X-RateLimit-Remaining, X-RateLimit-Used, X-RateLimit-Resource, X-RateLimit-Reset, X-OAuth-Scopes, X-Accepted-OAuth-Scopes, X-Poll-Interval, X-GitHub-Media-Type, X-GitHub-SSO, X-GitHub-Request-Id, Deprecation, Sunset',
2026-01-30T04:38:05.9797867Z       'content-encoding': 'gzip',
2026-01-30T04:38:05.9798186Z       'content-security-policy': "default-src 'none'",
2026-01-30T04:38:05.9798867Z       'content-type': 'application/json; charset=utf-8',
2026-01-30T04:38:05.9799218Z       date: 'Fri, 30 Jan 2026 04:38:05 GMT',
2026-01-30T04:38:05.9799672Z       'referrer-policy': 'origin-when-cross-origin, strict-origin-when-cross-origin',
2026-01-30T04:38:05.9800103Z       server: 'github.com',
2026-01-30T04:38:05.9800512Z       'strict-transport-security': 'max-age=31536000; includeSubdomains; preload',
2026-01-30T04:38:05.9800943Z       'transfer-encoding': 'chunked',
2026-01-30T04:38:05.9801275Z       vary: 'Accept-Encoding, Accept, X-Requested-With',
2026-01-30T04:38:05.9801902Z       'x-accepted-github-permissions': 'contents=write; contents=write,workflows=write',
2026-01-30T04:38:05.9802373Z       'x-content-type-options': 'nosniff',
2026-01-30T04:38:05.9802665Z       'x-frame-options': 'deny',
2026-01-30T04:38:05.9802970Z       'x-github-api-version-selected': '2022-11-28',
2026-01-30T04:38:05.9803326Z       'x-github-media-type': 'github.v3; format=json',
2026-01-30T04:38:05.9803735Z       'x-github-request-id': 'A440:20B51:114AE61:11A8A33:697C35AD',
2026-01-30T04:38:05.9804095Z       'x-ratelimit-limit': '5000',
2026-01-30T04:38:05.9804371Z       'x-ratelimit-remaining': '4962',
2026-01-30T04:38:05.9804800Z       'x-ratelimit-reset': '1769748714',
2026-01-30T04:38:05.9805085Z       'x-ratelimit-resource': 'core',
2026-01-30T04:38:05.9805364Z       'x-ratelimit-used': '38',
2026-01-30T04:38:05.9805605Z       'x-xss-protection': '0'
2026-01-30T04:38:05.9805823Z     },
2026-01-30T04:38:05.9805991Z     data: {
2026-01-30T04:38:05.9806619Z       message: 'refusing to allow a GitHub App to create or update workflow `.github/workflows/all-in-one-fixer.yml` without `workflows` permission',
2026-01-30T04:38:05.9807520Z       documentation_url: 'https://docs.github.com/rest/repos/contents#create-or-update-file-contents',
2026-01-30T04:38:05.9808000Z       status: '403'
2026-01-30T04:38:05.9808185Z     }
2026-01-30T04:38:05.9808340Z   },
2026-01-30T04:38:05.9808505Z   request: {
2026-01-30T04:38:05.9808687Z     method: 'PUT',
2026-01-30T04:38:05.9809200Z     url: 'https://api.github.com/repos/yhyub/coze-studio-test/contents/.github%2Fworkflows%2Fall-in-one-fixer.yml',
2026-01-30T04:38:05.9810489Z     headers: {
2026-01-30T04:38:05.9810753Z       accept: 'application/vnd.github.v3+json',
2026-01-30T04:38:05.9811265Z       'user-agent': 'actions/github-script octokit-core.js/5.0.1 Node.js/20.19.6 (linux; x64)',
2026-01-30T04:38:05.9811946Z       authorization: 'token [REDACTED]',
2026-01-30T04:38:05.9812277Z       'content-type': 'application/json; charset=utf-8'
2026-01-30T04:38:05.9812559Z     },
2026-01-30T04:38:06.0050570Z     body: '{"message":"fix: auto-correct workflow configuration errors","content":"bmFtZTogQWxsLWluLU9uZSBXb3JrZmxvdyBGaXhlcgoKb246CiAgd29ya2Zsb3dfZGlzcGF0Y2g6CiAgICBpbnB1dHM6CiAgICAgIGZpeC10eXBlOgogICAgICAgIGRlc2NyaXB0aW9uOiAnVHlwZSBvZiBmaXggdG8gYXBwbHknCiAgICAgICAgcmVxdWlyZWQ6IHRydWUKICAgICAgICBkZWZhdWx0OiAnYWxsJwogICAgICAgIHR5cGU6IGNob2ljZQogICAgICAgIG9wdGlvbnM6CiAgICAgICAgICAtIGFsbAogICAgICAgICAgLSBzeW50YXgKICAgICAgICAgIC0gcGVybWlzc2lvbnMKICAgICAgICAgIC0gc2VjdXJpdHkKICAgICAgICAgIC0gZGVwbG95bWVudAogICAgICAgICAgLSBkZXBlbmRlbmNpZXMKICAgICAgICAgIC0gcGVyZm9ybWFuY2UKICAgICAgICAgIC0gZG9jdW1lbnRhdGlvbgogIHB1c2g6CiAgICBicmFuY2hlczoKICAgICAgLSBtYWluCiAgICBwYXRoczoKICAgICAgLSAnLmdpdGh1Yi93b3JrZmxvd3MvKionCiAgICAgIC0gJy5naXRodWIvYWN0aW9ucy1jb25maWcvKionCiAgc2NoZWR1bGU6CiAgICAtIGNyb246ICcwIDEyICogKiAqJyAgIyDmr4/lpKnkuK3ljYgxMueCuei/kOihjAoKcGVybWlzc2lvbnM6CiAgY29udGVudHM6IHdyaXRlCiAgYWN0aW9uczogd3JpdGUKICBwdWxsLXJlcXVlc3RzOiB3cml0ZQogIGNoZWNrczogd3JpdGUKICBkZXBsb3ltZW50czogd3JpdGUKICBpc3N1ZXM6IHdyaXRlCiAgcGFja2FnZXM6IHdyaXRlCiAgcmVwb3NpdG9yeS1wcm9qZWN0czogd3JpdGUKICBzZWN1cml0eS1ldmVudHM6IHdyaXRlCiAgc3RhdHVzZXM6IHdyaXRlCgpqb2JzOgogIGFuYWx5emUtYW5kLWZpeDoKICAgIHJ1bnMtb246IHVidW50dS1sYXRlc3QKICAgIHN0ZXBzOgogICAgICAtIG5hbWU6IENoZWNrb3V0IGNvZGUKICAgICAgICB1c2VzOiBhY3Rpb25zL2NoZWNrb3V0QHY0CiAgICAgICAgd2l0aDoKICAgICAgICAgIGZldGNoLWRlcHRoOiAwCiAgICAgICAgICB0b2tlbjogJHt7IHNlY3JldHMuUEFUIHx8IHNlY3JldHMuR0lUSFVCX1RPS0VOIH19CgogICAgICAtIG5hbWU6IFNldCB1cCBOb2RlLmpzCiAgICAgICAgdXNlczogYWN0aW9ucy9zZXR1cC1ub2RlQHY1CiAgICAgICAgd2l0aDoKICAgICAgICAgIG5vZGUtdmVyc2lvbjogJzIwJwoKICAgICAgLSBuYW1lOiBTZXQgdXAgUHl0aG9uCiAgICAgICAgdXNlczogYWN0aW9ucy9zZXR1cC1weXRob25AdjUKICAgICAgICB3aXRoOgogICAgICAgICAgcHl0aG9uLXZlcnNpb246ICczLjExJwoKICAgICAgLSBuYW1lOiBJbnN0YWxsIGRlcGVuZGVuY2llcwogICAgICAgIHJ1bjogfAogICAgICAgICAgcHl0aG9uIC1tIHBpcCBpbnN0YWxsIC0tdXBncmFkZSBwaXAKICAgICAgICAgIHBpcCBpbnN0YWxsIHlxIHB5eWFtbCByZXF1ZXN0cwogICAgICAgICAgbnBtIGluc3RhbGwgLWcgeWFtbC1saW50CgogICAgICAtIG5hbWU6IFZhbGlkYXRlIGFjdGlvbnMtY29uZmlnIGRpcmVjdG9yeQogICAgICAgIHJ1bjogfAogICAgICAgICAgaWYgWyAhIC1kICIuZ2l0aHViL2FjdGlvbnMtY29uZmlnIiBdOyB0aGVuCiAgICAgICAgICAgIGVjaG8gIkNyZWF0aW5nIGFjdGlvbnMtY29uZmlnIGRpcmVjdG9yeS4uLiIKICAgICAgICAgICAgbWtkaXIgLXAgLmdpdGh1Yi9hY3Rpb25zLWNvbmZpZwogICAgICAgICAgZmkKICAgICAgICAgIAogICAgICAgICAgaWYgWyAhIC1mICIuZ2l0aHViL2FjdGlvbnMtY29uZmlnL2FjdGlvbnMueWFtbCIgXTsgdGhlbgogICAgICAgICAgICBlY2hvICJDcmVhdGluZyBhY3Rpb25zLnlhbWwgZmlsZS4uLiIKICAgICAgICAgICAgIyDkvb/nlKhlY2hv5ZG95Luk5Yib5bu65paH5Lu277yM6YG/5YWNaGVyZWRvY+ivreazlemXrumimAogICAgICAgICAgICBlY2hvICJhbGxvd2VkX3NvdXJjZXM6IgogICAgICAgICAgICBlY2hvICIgIC0gYWN0aW9ucy9jaGVja291dCIKICAgICAgICAgICAgZWNobyAiICAtIGFjdGlvbnMvc2V0dXAtbm9kZSIKICAgICAgICAgICAgZWNobyAiICAtIGFjdGlvbnMvc2V0dXAtcHl0aG9uIgogICAgICAgICAgICBlY2hvICIgIC0gYWN0aW9ucy9jYWNoZSIKICAgICAgICAgICAgZWNobyAiICAtIGFjdGlvbnMvdXBsb2FkLWFydGlmYWN0IgogICAgICAgICAgICBlY2hvICIgIC0gYWN0aW9ucy9kb3dubG9hZC1hcnRpZmFjdCIKICAgICAgICAgICAgZWNobyAiICAtIGdpdGh1Yi9jb2RlcWwtYWN0aW9uIgogICAgICAgICAgICBlY2hvICIgIC0gYWN0aW9ucy9kZXBlbmRlbmN5LXJldmlldy1hY3Rpb24iCiAgICAgICAgICAgIGVjaG8gIiAgLSByZXZpZXdkb2cvcmV2aWV3ZG9nIgogICAgICAgICAgICBlY2hvICIgIC0gY29kZWNvdi9jb2RlY292LWFjdGlvbiIKICAgICAgICAgICAgZWNobyAiICAtIDgzOThhNy9hY3Rpb24tc2xhY2siCiAgICAgICAgICAgIGVjaG8gIiAgLSBhY3Rpb25zL2dpdGh1Yi1zY3JpcHQiCiAgICAgICAgICAgIGVjaG8gIiIKICAgICAgICAgICAgZWNobyAiaW5zdGFsbGVkX2FjdGlvbnM6IgogICAgICAgICAgICBlY2hvICIgIC0gbmFtZTogYWN0aW9ucy9jaGVja291dCIKICAgICAgICAgICAgZWNobyAiICAgIHZlcnNpb246IHY0IgogICAgICAgICAgICBlY2hvICIgICAgc291cmNlOiBhY3Rpb25zL2NoZWNrb3V0IgogICAgICAgICAgICBlY2hvICIgICAgdXNhZ2U6IOavj+WkqeS9v+eUqCIKICAgICAgICAgICAgZWNobyAiICAgIHNlY3VyaXR5OiDlt7LlrqHmoLgiCiAgICAgICAgICAgIGVjaG8gIiAgICB3b3JrZmxvd3M6IFtdIgogICAgICAgICAgICBlY2hvICIiCiAgICAgICAgICAgIGVjaG8gImN1c3RvbV9hY3Rpb25zOiIKICAgICAgICAgICAgZWNobyAnICBkaXJlY3Rvcnk6ICIuZ2l0aHViL2FjdGlvbnMiJwogICAgICAgICAgICBlY2hvICIgIGxpc3Q6IFtdIgogICAgICAgICAgICAjIOazqOaEj++8muS4iumdoueahOWRveS7pOmcgOimgemAmui/h+mHjeWumuWQkeWGmeWFpeaWh+S7tgogICAgICAgICAgICAjIOeUseS6jueOr+Wig+mZkOWItu+8jOaIkeS7rOS9v+eUqOabtOeugOWNleeahOaWueW8jwogICAgICAgICAgICBwcmludGYgJ2FsbG93ZWRfc291cmNlczpcbiAgLSBhY3Rpb25zL2NoZWNrb3V0XG4gIC0gYWN0aW9ucy9zZXR1cC1ub2RlXG4gIC0gYWN0aW9ucy9zZXR1cC1weXRob25cbiAgLSBhY3Rpb25zL2NhY2hlXG4gIC0gYWN0aW9ucy91cGxvYWQtYXJ0aWZhY3RcbiAgLSBhY3Rpb25zL2Rvd25sb2FkLWFydGlmYWN0XG4gIC0gZ2l0aHViL2NvZGVxbC1hY3Rpb25cbiAgLSBhY3Rpb25zL2RlcGVuZGVuY3ktcmV2aWV3LWFjdGlvblxuICAtIHJldmlld2RvZy9yZXZpZXdkb2dcbiAgLSBjb2RlY292L2NvZGVjb3YtYWN0aW9uXG4gIC0gODM5OGE3L2FjdGlvbi1zbGFja1xuICAtIGFjdGlvbnMvZ2l0aHViLXNjcmlwdFxuXG5pbnN0YWxsZWRfYWN0aW9uczpcbiAgLSBuYW1lOiBhY3Rpb25zL2NoZWNrb3V0XG4gICAgdmVyc2lvbjogdjRcbiAgICBzb3VyY2U6IGFjdGlvbnMvY2hlY2tvdXRcbiAgICB1c2FnZTog5q+P5aSp5L2/55SoXG4gICAgc2VjdXJpdHk6IOW3suWuoeaguFxuICAgIHdvcmtmbG93czogW11cblxuY3VzdG9tX2FjdGlvbnM6XG4gIGRpcmVjdG9yeTogIi5naXRodWIvYWN0aW9ucyJcbiAgbGlzdDogW11cbicgPiAuZ2l0aHViL2FjdGlvbnMtY29uZmlnL2FjdGlvbnMueWFtbAogICAgICAgICAgZmkKCiAgICAgIC0gbmFtZTogRml4IHdvcmtmbG93IHN5bnRheCBlcnJvcnMKICAgICAgICBpZjogZ2l0aHViLmV2ZW50LmlucHV0cy5maXgtdHlwZSA9PSAnYWxsJyB8fCBnaXRodWIuZXZlbnQuaW5wdXRzLmZpeC10eXBlID09ICdzeW50YXgnCiAgICAgICAgdXNlczogcmV2aWV3ZG9nL3Jldmlld2RvZ0B2MC4xNi4wCiAgICAgICAgd2l0aDoKICAgICAgICAgIHJlcG9ydGVyOiBnaXRodWItcHItcmV2aWV3CiAgICAgICAgICBsZXZlbDogZXJyb3IKICAgICAgICAgIHdvcmtkaXI6IC5naXRodWIvd29ya2Zsb3dzLwoKICAgICAgLSBuYW1lOiBGaXggZXhwcmVzc2lvbiBzeW50YXggKHN0ZXBzLmFuYWx5emUub3V0cHV0cy5lcnJvcnMgaXNzdWUpCiAgICAgICAgcnVuOiB8CiAgICAgICAgICBmb3IgZmlsZSBpbiAuZ2l0aHViL3dvcmtmbG93cy8qLnltbCAuZ2l0aHViL3dvcmtmbG93cy8qLnlhbWw7IGRvCiAgICAgICAgICAgIGlmIGdyZXAgLXEgJ2lmOiBzdGVwc1wuJyAiJGZpbGUiOyB0aGVuCiAgICAgICAgICAgICAgZWNobyAiRml4aW5nIGV4cHJlc3Npb24gc3ludGF4IGluICRmaWxlLi4uIgogICAgICAgICAgICAgICMg5L2/55So5LiN5ZCM55qE5YiG6ZqU56ym6YG/5YWN6L2s5LmJ6Zeu6aKYCiAgICAgICAgICAgICAgc2VkIC1pICdzfGlmOiBzdGVwc1wufGlmOiAke3sgc3RlcHNcLiB9fXxnJyAiJGZpbGUiCiAgICAgICAgICAgICAgc2VkIC1pICdzfCE9ICcnfCAhPSAnJyB9fXxnJyAiJGZpbGUiCiAgICAgICAgICAgIGZpCiAgICAgICAgICBkb25lCgogICAgICAtIG5hbWU6IEZpeCBwZXJtaXNzaW9uIGlzc3VlcwogICAgICAgIGlmOiBnaXRodWIuZXZlbnQuaW5wdXRzLmZpeC10eXBlID09ICdhbGwnIHx8IGdpdGh1Yi5ldmVudC5pbnB1dHMuZml4LXR5cGUgPT0gJ3Blcm1pc3Npb25zJwogICAgICAgIHJ1bjogfAogICAgICAgICAgZm9yIGZpbGUgaW4gLmdpdGh1Yi93b3JrZmxvd3MvKi55bWwgLmdpdGh1Yi93b3JrZmxvd3MvKi55YW1sOyBkbwogICAgICAgICAgICBlY2hvICJDaGVja2luZyBwZXJtaXNzaW9ucyBpbiAkZmlsZS4uLiIKICAgICAgICAgICAgIyDmo4Dmn6XmmK/lkKblrZjlnKjnqbrmnYPpmZDpg6jliIYKICAgICAgICAgICAgaWYgZ3JlcCAtcSAncGVybWlzc2lvbnM6IHt9JyAiJGZpbGUiOyB0aGVuCiAgICAgICAgICAgICAgZWNobyAiRml4aW5nIGVtcHR5IHBlcm1pc3Npb25zIGluICRmaWxlLi4uIgogICAgICAgICAgICAgIHNlZCAtaSAncy9wZXJtaXNzaW9uczoge30vcGVybWlzc2lvbnM6XG4gIGNvbnRlbnRzOiByZWFkXG4gIGFjdGlvbnM6IHJlYWRcbiAgcHVsbC1yZXF1ZXN0czogcmVhZFxuICBjaGVja3M6IHJlYWRcbiAgZGVwbG95bWVudHM6IHJlYWRcbiAgaXNzdWVzOiByZWFkXG4gIHBhY2thZ2VzOiByZWFkXG4gIHJlcG9zaXRvcnktcHJvamVjdHM6IHJlYWRcbiAgc2VjdXJpdHktZXZlbnRzOiByZWFkXG4gIHN0YXR1c2VzOiByZWFkXG4gIHdvcmtmbG93czogcmVhZC9nJyAiJGZpbGUiCiAgICAgICAgICAgIGZpCiAgICAgICAgICAgICMg5qOA5p+l5piv5ZCm57y65bCR5b+F6KaB55qE5p2D6ZmQCiAgICAgICAgICAgIGlmICEgZ3JlcCAtcSAncGVybWlzc2lvbnM6JyAiJGZpbGUiOyB0aGVuCiAgICAgICAgICAgICAgZWNobyAiQWRkaW5nIGJhc2ljIHBlcm1pc3Npb25zIHRvICRmaWxlLi4uIgogICAgICAgICAgICAgICMg5Zyoam9ic+mDqOWIhuS5i+WJjea3u+WKoOadg+mZkAogICAgICAgICAgICAgIHNlZCAtaSAnL2pvYnM6L2kgXHBlcm1pc3Npb25zOlxuICBjb250ZW50czogcmVhZFxuICBhY3Rpb25zOiByZWFkXG4gIHB1bGwtcmVxdWVzdHM6IHJlYWRcbiAgY2hlY2tzOiByZWFkXG4gIGRlcGxveW1lbnRzOiByZWFkXG4gIGlzc3VlczogcmVhZFxuICBwYWNrYWdlczogcmVhZFxuICByZXBvc2l0b3J5LXByb2plY3RzOiByZWFkXG4gIHNlY3VyaXR5LWV2ZW50czogcmVhZFxuICBzdGF0dXNlczogcmVhZFxuICAnICIkZmlsZSIKICAgICAgICAgICAgZmkKICAgICAgICAgIGRvbmUKCiAgICAgIC0gbmFtZTogUnVuIHNlY3VyaXR5IHNjYW4KICAgICAgICBpZjogZ2l0aHViLmV2ZW50LmlucHV0cy5maXgtdHlwZSA9PSAnYWxsJyB8fCBnaXRodWIuZXZlbnQuaW5wdXRzLmZpeC10eXBlID09ICdzZWN1cml0eScKICAgICAgICB1c2VzOiBnaXRodWIvY29kZXFsLWFjdGlvbi9pbml0QHYzCiAgICAgICAgd2l0aDoKICAgICAgICAgIGxhbmd1YWdlczogamF2YXNjcmlwdCwgcHl0aG9uLCBnbwoKICAgICAgLSBuYW1lOiBBbmFseXplIGNvZGUKICAgICAgICBpZjogZ2l0aHViLmV2ZW50LmlucHV0cy5maXgtdHlwZSA9PSAnYWxsJyB8fCBnaXRodWIuZXZlbnQuaW5wdXRzLmZpeC10eXBlID09ICdzZWN1cml0eScKICAgICAgICB1c2VzOiBnaXRodWIvY29kZXFsLWFjdGlvbi9hbmFseXplQHYzCgogICAgICAtIG5hbWU6IERlcGVuZGVuY3kgcmV2aWV3CiAgICAgICAgaWY6IGdpdGh1Yi5ldmVudC5pbnB1dHMuZml4LXR5cGUgPT0gJ2FsbCcgfHwgZ2l0aHViLmV2ZW50LmlucHV0cy5maXgtdHlwZSA9PSAnZGVwZW5kZW5jaWVzJwogICAgICAgIHVzZXM6IGFjdGlvbnMvZGVwZW5kZW5jeS1yZXZpZXctYWN0aW9uQHY0CgogICAgICAtIG5hbWU6IFVwZGF0ZSBBY3Rpb24gdmVyc2lvbnMKICAgICAgICBpZjogZ2l0aHViLmV2ZW50LmlucHV0cy5maXgtdHlwZSA9PSAnYWxsJyB8fCBnaXRodWIuZXZlbnQuaW5wdXRzLmZpeC10eXBlID09ICdkZXBlbmRlbmNpZXMnCiAgICAgICAgcnVuOiB8CiAgICAgICAgICAjIOabtOaWsOW4uOingUFjdGlvbueJiOacrAogICAgICAgICAgZm9yIGZpbGUgaW4gLmdpdGh1Yi93b3JrZmxvd3MvKi55bWwgLmdpdGh1Yi93b3JrZmxvd3MvKi55YW1sOyBkbwogICAgICAgICAgICBlY2hvICJVcGRhdGluZyBBY3Rpb24gdmVyc2lvbnMgaW4gJGZpbGUuLi4iCiAgICAgICAgICAgICMg5pu05pawYWN0aW9ucy9jaGVja291dAogICAgICAgICAgICBzZWQgLWkgJ3MvYWN0aW9uc1wvY2hlY2tvdXRAdlswLTldXCsvYWN0aW9uc1wvY2hlY2tvdXRAdjQvZycgIiRmaWxlIgogICAgICAgICAgICAjIOabtOaWsGFjdGlvbnMvc2V0dXAtbm9kZQogICAgICAgICAgICBzZWQgLWkgJ3MvYWN0aW9uc1wvc2V0dXAtbm9kZUB2WzAtOV1cKy9hY3Rpb25zXC9zZXR1cC1ub2RlQHY1L2cnICIkZmlsZSIKICAgICAgICAgICAgIyDmm7TmlrBhY3Rpb25zL3NldHVwLXB5dGhvbgogICAgICAgICAgICBzZWQgLWkgJ3MvYWN0aW9uc1wvc2V0dXAtcHl0aG9uQHZbMC05XVwrL2FjdGlvbnNcL3NldHVwLXB5dGhvbkB2NS9nJyAiJGZpbGUiCiAgICAgICAgICAgICMg5pu05pawYWN0aW9ucy9jYWNoZQogICAgICAgICAgICBzZWQgLWkgJ3MvYWN0aW9uc1wvY2FjaGVAdlswLTldXCsvYWN0aW9uc1wvY2FjaGVAdjQvZycgIiRmaWxlIgogICAgICAgICAgICAjIOabtOaWsGFjdGlvbnMvdXBsb2FkLWFydGlmYWN0CiAgICAgICAgICAgIHNlZCAtaSAncy9hY3Rpb25zXC91cGxvYWQtYXJ0aWZhY3RAdlswLTldXCsvYWN0aW9uc1wvdXBsb2FkLWFydGlmYWN0QHY0L2cnICIkZmlsZSIKICAgICAgICAgICAgIyDmm7TmlrBhY3Rpb25zL2Rvd25sb2FkLWFydGlmYWN0CiAgICAgICAgICAgIHNlZCAtaSAncy9hY3Rpb25zXC9kb3dubG9hZC1hcnRpZmFjdEB2WzAtOV1cKy9hY3Rpb25zXC9kb3dubG9hZC1hcnRpZmFjdEB2NC9nJyAiJGZpbGUiCiAgICAgICAgICBkb25lCgogICAgICAtIG5hbWU6IE9wdGltaXplIHdvcmtmbG93IHBlcmZvcm1hbmNlCiAgICAgICAgaWY6IGdpdGh1Yi5ldmVudC5pbnB1dHMuZml4LXR5cGUgPT0gJ2FsbCcgfHwgZ2l0aHViLmV2ZW50LmlucHV0cy5maXgtdHlwZSA9PSAn'... 21371 more characters,
2026-01-30T04:38:06.0264994Z     request: {
2026-01-30T04:38:06.0265189Z       agent: [Agent],
2026-01-30T04:38:06.0265435Z       fetch: [Function: proxyFetch],
2026-01-30T04:38:06.0265736Z       hook: [Function: bound bound register]
2026-01-30T04:38:06.0265986Z     }
2026-01-30T04:38:06.0266149Z   }
2026-01-30T04:38:06.0266305Z }
2026-01-30T04:38:06.0284581Z ##[error]Unhandled error: HttpError: refusing to allow a GitHub App to create or update workflow `.github/workflows/all-in-one-fixer.yml` without `workflows` permission
2026-01-30T04:38:06.0364797Z Post job cleanup.
2026-01-30T04:38:06.1279362Z [command]/usr/bin/git version
2026-01-30T04:38:06.1313919Z git version 2.52.0
2026-01-30T04:38:06.1351303Z Copying '/home/runner/.gitconfig' to '/home/runner/work/_temp/32c70d35-84e1-4a7c-8419-6828c8f38331/.gitconfig'
2026-01-30T04:38:06.1361101Z Temporarily overriding HOME='/home/runner/work/_temp/32c70d35-84e1-4a7c-8419-6828c8f38331' before making global git config changes
2026-01-30T04:38:06.1362834Z Adding repository directory to the temporary git global config as a safe directory
2026-01-30T04:38:06.1374101Z [command]/usr/bin/git config --global --add safe.directory /home/runner/work/coze-studio-test/coze-studio-test
2026-01-30T04:38:06.1406768Z [command]/usr/bin/git config --local --name-only --get-regexp core\.sshCommand
2026-01-30T04:38:06.1437969Z [command]/usr/bin/git submodule foreach --recursive sh -c "git config --local --name-only --get-regexp 'core\.sshCommand' && git config --local --unset-all 'core.sshCommand' || :"
2026-01-30T04:38:06.1687065Z [command]/usr/bin/git config --local --name-only --get-regexp http\.https\:\/\/github\.com\/\.extraheader
2026-01-30T04:38:06.1707045Z http.https://github.com/.extraheader
2026-01-30T04:38:06.1719729Z [command]/usr/bin/git config --local --unset-all http.https://github.com/.extraheader
2026-01-30T04:38:06.1749352Z [command]/usr/bin/git submodule foreach --recursive sh -c "git config --local --name-only --get-regexp 'http\.https\:\/\/github\.com\/\.extraheader' && git config --local --unset-all 'http.https://github.com/.extraheader' || :"
2026-01-30T04:38:06.2006752Z [command]/usr/bin/git config --local --name-only --get-regexp ^includeIf\.gitdir:
2026-01-30T04:38:06.2043289Z [command]/usr/bin/git submodule foreach --recursive git config --local --show-origin --name-only --get-regexp remote.origin.url
2026-01-30T04:38:06.2407803Z Cleaning up orphan processes
