2026-01-30T04:36:30.6760591Z Current runner version: '2.331.0'
2026-01-30T04:36:30.6783683Z ##[group]Runner Image Provisioner
2026-01-30T04:36:30.6784455Z Hosted Compute Agent
2026-01-30T04:36:30.6785085Z Version: 20260123.484
2026-01-30T04:36:30.6785684Z Commit: 6bd6555ca37d84114959e1c76d2c01448ff61c5d
2026-01-30T04:36:30.6786367Z Build Date: 2026-01-23T19:41:17Z
2026-01-30T04:36:30.6787070Z Worker ID: {b6543389-e946-4e45-8aab-6f20e539904f}
2026-01-30T04:36:30.6787762Z Azure Region: northcentralus
2026-01-30T04:36:30.6788300Z ##[endgroup]
2026-01-30T04:36:30.6789700Z ##[group]Operating System
2026-01-30T04:36:30.6790284Z Ubuntu
2026-01-30T04:36:30.6790783Z 24.04.3
2026-01-30T04:36:30.6791233Z LTS
2026-01-30T04:36:30.6791696Z ##[endgroup]
2026-01-30T04:36:30.6792442Z ##[group]Runner Image
2026-01-30T04:36:30.6793049Z Image: ubuntu-24.04
2026-01-30T04:36:30.6793590Z Version: 20260126.10.1
2026-01-30T04:36:30.6794749Z Included Software: https://github.com/actions/runner-images/blob/ubuntu24/20260126.10/images/ubuntu/Ubuntu2404-Readme.md
2026-01-30T04:36:30.6796226Z Image Release: https://github.com/actions/runner-images/releases/tag/ubuntu24%2F20260126.10
2026-01-30T04:36:30.6797148Z ##[endgroup]
2026-01-30T04:36:30.6799320Z ##[group]GITHUB_TOKEN Permissions
2026-01-30T04:36:30.6801223Z Actions: write
2026-01-30T04:36:30.6801723Z Checks: read
2026-01-30T04:36:30.6802609Z Contents: write
2026-01-30T04:36:30.6803087Z Deployments: read
2026-01-30T04:36:30.6803570Z Issues: read
2026-01-30T04:36:30.6804113Z Metadata: read
2026-01-30T04:36:30.6804597Z Packages: read
2026-01-30T04:36:30.6805069Z Pages: write
2026-01-30T04:36:30.6805593Z PullRequests: read
2026-01-30T04:36:30.6806122Z RepositoryProjects: read
2026-01-30T04:36:30.6806656Z SecurityEvents: read
2026-01-30T04:36:30.6807233Z Statuses: read
2026-01-30T04:36:30.6807852Z ##[endgroup]
2026-01-30T04:36:30.6809823Z Secret source: Actions
2026-01-30T04:36:30.6810607Z Prepare workflow directory
2026-01-30T04:36:30.7239686Z Prepare all required actions
2026-01-30T04:36:30.7295308Z Getting action download info
2026-01-30T04:36:31.1265674Z Download action repository 'actions/checkout@v4' (SHA:34e114876b0b11c390a56381ad16ebd13914f8d5)
2026-01-30T04:36:31.2298474Z Download action repository 'actions/setup-node@v4' (SHA:49933ea5288caeca8642d1e84afbd3f7d6820020)
2026-01-30T04:36:31.3609668Z Download action repository 'actions/cache@v4' (SHA:0057852bfaa89a56745cba8c7296529d2fc39830)
2026-01-30T04:36:31.4580524Z Download action repository 'actions/download-artifact@v4' (SHA:d3f86a106a0bac45b974a628896c90dbdf5c8093)
2026-01-30T04:36:31.9524852Z Complete job name: Test Coverage
2026-01-30T04:36:32.0266917Z ##[group]Run actions/checkout@v4
2026-01-30T04:36:32.0267773Z with:
2026-01-30T04:36:32.0268161Z   fetch-depth: 1
2026-01-30T04:36:32.0268582Z   repository: yhyub/coze-studio-test
2026-01-30T04:36:32.0269303Z   token: ***
2026-01-30T04:36:32.0269683Z   ssh-strict: true
2026-01-30T04:36:32.0270065Z   ssh-user: git
2026-01-30T04:36:32.0270468Z   persist-credentials: true
2026-01-30T04:36:32.0270908Z   clean: true
2026-01-30T04:36:32.0271335Z   sparse-checkout-cone-mode: true
2026-01-30T04:36:32.0271989Z   fetch-tags: false
2026-01-30T04:36:32.0272409Z   show-progress: true
2026-01-30T04:36:32.0272810Z   lfs: false
2026-01-30T04:36:32.0273184Z   submodules: false
2026-01-30T04:36:32.0273598Z   set-safe-directory: true
2026-01-30T04:36:32.0274297Z ##[endgroup]
2026-01-30T04:36:32.1371053Z Syncing repository: yhyub/coze-studio-test
2026-01-30T04:36:32.1373303Z ##[group]Getting Git version info
2026-01-30T04:36:32.1374214Z Working directory is '/home/runner/work/coze-studio-test/coze-studio-test'
2026-01-30T04:36:32.1375261Z [command]/usr/bin/git version
2026-01-30T04:36:32.1449141Z git version 2.52.0
2026-01-30T04:36:32.1475878Z ##[endgroup]
2026-01-30T04:36:32.1500511Z Temporarily overriding HOME='/home/runner/work/_temp/40784452-23e6-4af9-8ab0-2d4efbf72d28' before making global git config changes
2026-01-30T04:36:32.1502759Z Adding repository directory to the temporary git global config as a safe directory
2026-01-30T04:36:32.1506629Z [command]/usr/bin/git config --global --add safe.directory /home/runner/work/coze-studio-test/coze-studio-test
2026-01-30T04:36:32.1544621Z Deleting the contents of '/home/runner/work/coze-studio-test/coze-studio-test'
2026-01-30T04:36:32.1547949Z ##[group]Initializing the repository
2026-01-30T04:36:32.1552366Z [command]/usr/bin/git init /home/runner/work/coze-studio-test/coze-studio-test
2026-01-30T04:36:32.1660612Z hint: Using 'master' as the name for the initial branch. This default branch name
2026-01-30T04:36:32.1662302Z hint: will change to "main" in Git 3.0. To configure the initial branch name
2026-01-30T04:36:32.1663250Z hint: to use in all of your new repositories, which will suppress this warning,
2026-01-30T04:36:32.1663945Z hint: call:
2026-01-30T04:36:32.1664302Z hint:
2026-01-30T04:36:32.1664929Z hint: 	git config --global init.defaultBranch <name>
2026-01-30T04:36:32.1665987Z hint:
2026-01-30T04:36:32.1666577Z hint: Names commonly chosen instead of 'master' are 'main', 'trunk' and
2026-01-30T04:36:32.1667989Z hint: 'development'. The just-created branch can be renamed via this command:
2026-01-30T04:36:32.1669331Z hint:
2026-01-30T04:36:32.1670039Z hint: 	git branch -m <name>
2026-01-30T04:36:32.1670879Z hint:
2026-01-30T04:36:32.1672212Z hint: Disable this message with "git config set advice.defaultBranchName false"
2026-01-30T04:36:32.1674275Z Initialized empty Git repository in /home/runner/work/coze-studio-test/coze-studio-test/.git/
2026-01-30T04:36:32.1680272Z [command]/usr/bin/git remote add origin https://github.com/yhyub/coze-studio-test
2026-01-30T04:36:32.1714928Z ##[endgroup]
2026-01-30T04:36:32.1715637Z ##[group]Disabling automatic garbage collection
2026-01-30T04:36:32.1719239Z [command]/usr/bin/git config --local gc.auto 0
2026-01-30T04:36:32.1748676Z ##[endgroup]
2026-01-30T04:36:32.1749887Z ##[group]Setting up auth
2026-01-30T04:36:32.1756494Z [command]/usr/bin/git config --local --name-only --get-regexp core\.sshCommand
2026-01-30T04:36:32.1787974Z [command]/usr/bin/git submodule foreach --recursive sh -c "git config --local --name-only --get-regexp 'core\.sshCommand' && git config --local --unset-all 'core.sshCommand' || :"
2026-01-30T04:36:32.2134918Z [command]/usr/bin/git config --local --name-only --get-regexp http\.https\:\/\/github\.com\/\.extraheader
2026-01-30T04:36:32.2165644Z [command]/usr/bin/git submodule foreach --recursive sh -c "git config --local --name-only --get-regexp 'http\.https\:\/\/github\.com\/\.extraheader' && git config --local --unset-all 'http.https://github.com/.extraheader' || :"
2026-01-30T04:36:32.2384068Z [command]/usr/bin/git config --local --name-only --get-regexp ^includeIf\.gitdir:
2026-01-30T04:36:32.2422007Z [command]/usr/bin/git submodule foreach --recursive git config --local --show-origin --name-only --get-regexp remote.origin.url
2026-01-30T04:36:32.2645153Z [command]/usr/bin/git config --local http.https://github.com/.extraheader AUTHORIZATION: basic ***
2026-01-30T04:36:32.2678655Z ##[endgroup]
2026-01-30T04:36:32.2679963Z ##[group]Fetching the repository
2026-01-30T04:36:32.2688598Z [command]/usr/bin/git -c protocol.version=2 fetch --no-tags --prune --no-recurse-submodules --depth=1 origin +070297e155a380b13a703ea04e3b893944d31b3d:refs/remotes/origin/main
2026-01-30T04:36:33.3285972Z From https://github.com/yhyub/coze-studio-test
2026-01-30T04:36:33.3288172Z  * [new ref]           070297e155a380b13a703ea04e3b893944d31b3d -> origin/main
2026-01-30T04:36:33.3319650Z ##[endgroup]
2026-01-30T04:36:33.3321619Z ##[group]Determining the checkout info
2026-01-30T04:36:33.3323964Z ##[endgroup]
2026-01-30T04:36:33.3327800Z [command]/usr/bin/git sparse-checkout disable
2026-01-30T04:36:33.3367150Z [command]/usr/bin/git config --local --unset-all extensions.worktreeConfig
2026-01-30T04:36:33.3394601Z ##[group]Checking out the ref
2026-01-30T04:36:33.3398625Z [command]/usr/bin/git checkout --progress --force -B main refs/remotes/origin/main
2026-01-30T04:36:34.2266228Z Switched to a new branch 'main'
2026-01-30T04:36:34.2267033Z branch 'main' set up to track 'origin/main'.
2026-01-30T04:36:34.2331396Z ##[endgroup]
2026-01-30T04:36:34.2335064Z [command]/usr/bin/git log -1 --format=%H
2026-01-30T04:36:34.2357172Z 070297e155a380b13a703ea04e3b893944d31b3d
2026-01-30T04:36:34.2584548Z ##[group]Run actions/setup-node@v4
2026-01-30T04:36:34.2584850Z with:
2026-01-30T04:36:34.2585046Z   node-version: 22.16.0
2026-01-30T04:36:34.2585262Z   always-auth: false
2026-01-30T04:36:34.2585469Z   check-latest: false
2026-01-30T04:36:34.2585803Z   token: ***
2026-01-30T04:36:34.2586000Z ##[endgroup]
2026-01-30T04:36:34.4304455Z Attempting to download 22.16.0...
2026-01-30T04:36:34.9322202Z Acquiring 22.16.0 - x64 from https://github.com/actions/node-versions/releases/download/22.16.0-15177438473/node-22.16.0-linux-x64.tar.gz
2026-01-30T04:36:35.4050297Z Extracting ...
2026-01-30T04:36:35.4163312Z [command]/usr/bin/tar xz --strip 1 --warning=no-unknown-keyword --overwrite -C /home/runner/work/_temp/a2bb6013-b9b2-4f48-b886-17e5931cf533 -f /home/runner/work/_temp/db45a1b3-cead-40c5-a758-ac681d34296b
2026-01-30T04:36:36.5533517Z Adding to the cache ...
2026-01-30T04:36:39.0150144Z ##[group]Environment details
2026-01-30T04:36:39.2337821Z node: v22.16.0
2026-01-30T04:36:39.2338327Z npm: 10.9.2
2026-01-30T04:36:39.2338773Z yarn: 1.22.22
2026-01-30T04:36:39.2339406Z ##[endgroup]
2026-01-30T04:36:39.3210345Z ##[group]Run actions/cache@v4
2026-01-30T04:36:39.3210623Z with:
2026-01-30T04:36:39.3210939Z   path: common/temp/pnpm-local
common/temp/pnpm-store
common/temp/install-run

2026-01-30T04:36:39.3211513Z   key: Linux-rush-store-475797a05827809f17d0a4c587cf4c709e4a62dc66ef0afd3b013a485a799b8b
2026-01-30T04:36:39.3212376Z   restore-keys: Linux-rush-store-main
Linux-rush-store

2026-01-30T04:36:39.3212705Z   enableCrossOsArchive: false
2026-01-30T04:36:39.3212939Z   fail-on-cache-miss: false
2026-01-30T04:36:39.3213185Z   lookup-only: false
2026-01-30T04:36:39.3213402Z   save-always: false
2026-01-30T04:36:39.3213597Z ##[endgroup]
2026-01-30T04:36:39.6126678Z Cache hit for: Linux-rush-store-475797a05827809f17d0a4c587cf4c709e4a62dc66ef0afd3b013a485a799b8b
2026-01-30T04:36:40.7545852Z Received 134217728 of 636424087 (21.1%), 125.9 MBs/sec
2026-01-30T04:36:41.7638771Z Received 360710144 of 636424087 (56.7%), 169.8 MBs/sec
2026-01-30T04:36:42.7645905Z Received 570425344 of 636424087 (89.6%), 179.7 MBs/sec
2026-01-30T04:36:43.0431274Z Received 636424087 of 636424087 (100.0%), 183.6 MBs/sec
2026-01-30T04:36:43.0434852Z Cache Size: ~607 MB (636424087 B)
2026-01-30T04:36:43.0542579Z [command]/usr/bin/tar -xf /home/runner/work/_temp/a85a3604-d7b0-47f8-af9a-6536d8fa8872/cache.tzst -P -C /home/runner/work/coze-studio-test/coze-studio-test --use-compress-program unzstd
2026-01-30T04:36:52.2142568Z Cache restored successfully
2026-01-30T04:36:52.3372694Z Cache restored from key: Linux-rush-store-475797a05827809f17d0a4c587cf4c709e4a62dc66ef0afd3b013a485a799b8b
2026-01-30T04:36:52.3522479Z ##[group]Run actions/download-artifact@v4
2026-01-30T04:36:52.3522960Z with:
2026-01-30T04:36:52.3523289Z   name: changed-files-cache
2026-01-30T04:36:52.3523708Z   merge-multiple: false
2026-01-30T04:36:52.3524070Z   repository: yhyub/coze-studio-test
2026-01-30T04:36:52.3524451Z   run-id: 21504559246
2026-01-30T04:36:52.3524750Z ##[endgroup]
2026-01-30T04:36:52.5508598Z Downloading single artifact
2026-01-30T04:36:52.6883364Z Preparing to download the following artifacts:
2026-01-30T04:36:52.6884934Z - changed-files-cache (ID: 5313851479, Size: 205, Expected Digest: sha256:913da7fa8c103c96cc41ee5dd5b6620bd45a668fbcddf6638502be82d800fa89)
2026-01-30T04:36:52.7975328Z Redirecting to blob download url: https://productionresultssa14.blob.core.windows.net/actions-results/2fe568a6-8fc2-43c0-94b8-ddbd1f5a1fa4/workflow-job-run-70a90337-fef2-5c27-9451-9e8abd973be4/artifacts/da4fb7a0ed6fb65afb70767834554658b8597283c481239f4ac086cef2b34106.zip
2026-01-30T04:36:52.7977957Z Starting download of artifact to: /home/runner/work/coze-studio-test/coze-studio-test
2026-01-30T04:36:52.9058638Z (node:2247) [DEP0005] DeprecationWarning: Buffer() is deprecated due to security and usability issues. Please use the Buffer.alloc(), Buffer.allocUnsafe(), or Buffer.from() methods instead.
2026-01-30T04:36:52.9061133Z (Use `node --trace-deprecation ...` to show where the warning was created)
2026-01-30T04:36:52.9100175Z SHA256 digest of downloaded artifact is 913da7fa8c103c96cc41ee5dd5b6620bd45a668fbcddf6638502be82d800fa89
2026-01-30T04:36:52.9101332Z Artifact download completed successfully.
2026-01-30T04:36:52.9102192Z Total of 1 artifact(s) downloaded
2026-01-30T04:36:52.9107354Z Download artifact has finished successfully
2026-01-30T04:36:52.9211537Z ##[group]Run sudo apt-get update
2026-01-30T04:36:52.9212040Z [36;1msudo apt-get update[0m
2026-01-30T04:36:52.9212343Z [36;1msudo apt-get install -y libasound2-dev[0m
2026-01-30T04:36:52.9212768Z [36;1mnode common/scripts/install-run-rush.js install --to tag:core[0m
2026-01-30T04:36:52.9213312Z [36;1mnode common/scripts/install-run-rush.js update-autoinstaller --name plugins[0m
2026-01-30T04:36:52.9213979Z [36;1mnode common/scripts/install-run-rush.js increment --action install -p "changed-files-cache.json"[0m
2026-01-30T04:36:52.9250032Z shell: /usr/bin/bash -e {0}
2026-01-30T04:36:52.9250293Z ##[endgroup]
2026-01-30T04:36:53.0398875Z Get:1 file:/etc/apt/apt-mirrors.txt Mirrorlist [144 B]
2026-01-30T04:36:53.0810559Z Hit:2 http://azure.archive.ubuntu.com/ubuntu noble InRelease
2026-01-30T04:36:53.0815778Z Hit:6 https://packages.microsoft.com/repos/azure-cli noble InRelease
2026-01-30T04:36:53.0820463Z Get:7 https://packages.microsoft.com/ubuntu/24.04/prod noble InRelease [3600 B]
2026-01-30T04:36:53.0826289Z Get:3 http://azure.archive.ubuntu.com/ubuntu noble-updates InRelease [126 kB]
2026-01-30T04:36:53.0878203Z Get:4 http://azure.archive.ubuntu.com/ubuntu noble-backports InRelease [126 kB]
2026-01-30T04:36:53.0891777Z Get:5 http://azure.archive.ubuntu.com/ubuntu noble-security InRelease [126 kB]
2026-01-30T04:36:53.3071673Z Get:8 https://packages.microsoft.com/ubuntu/24.04/prod noble/main arm64 Packages [67.5 kB]
2026-01-30T04:36:53.3235824Z Get:9 https://packages.microsoft.com/ubuntu/24.04/prod noble/main amd64 Packages [87.6 kB]
2026-01-30T04:36:53.3649919Z Get:10 http://azure.archive.ubuntu.com/ubuntu noble-updates/main amd64 Packages [1717 kB]
2026-01-30T04:36:53.3803454Z Get:11 http://azure.archive.ubuntu.com/ubuntu noble-updates/main Translation-en [317 kB]
2026-01-30T04:36:53.3819874Z Get:12 http://azure.archive.ubuntu.com/ubuntu noble-updates/main amd64 Components [175 kB]
2026-01-30T04:36:53.3846624Z Get:13 http://azure.archive.ubuntu.com/ubuntu noble-updates/main amd64 c-n-f Metadata [16.0 kB]
2026-01-30T04:36:53.3866172Z Get:14 http://azure.archive.ubuntu.com/ubuntu noble-updates/universe amd64 Packages [1526 kB]
2026-01-30T04:36:53.3972404Z Get:15 http://azure.archive.ubuntu.com/ubuntu noble-updates/universe Translation-en [312 kB]
2026-01-30T04:36:53.3997566Z Get:16 http://azure.archive.ubuntu.com/ubuntu noble-updates/universe amd64 Components [386 kB]
2026-01-30T04:36:53.4024739Z Get:17 http://azure.archive.ubuntu.com/ubuntu noble-updates/universe amd64 c-n-f Metadata [31.8 kB]
2026-01-30T04:36:53.4034380Z Get:18 http://azure.archive.ubuntu.com/ubuntu noble-updates/restricted amd64 Packages [2536 kB]
2026-01-30T04:36:53.4177224Z Get:19 http://azure.archive.ubuntu.com/ubuntu noble-updates/restricted Translation-en [580 kB]
2026-01-30T04:36:53.4638180Z Get:20 http://azure.archive.ubuntu.com/ubuntu noble-updates/restricted amd64 Components [212 B]
2026-01-30T04:36:53.4648389Z Get:21 http://azure.archive.ubuntu.com/ubuntu noble-updates/restricted amd64 c-n-f Metadata [556 B]
2026-01-30T04:36:53.4660121Z Get:22 http://azure.archive.ubuntu.com/ubuntu noble-updates/multiverse amd64 Packages [32.1 kB]
2026-01-30T04:36:53.4676857Z Get:23 http://azure.archive.ubuntu.com/ubuntu noble-updates/multiverse Translation-en [6816 B]
2026-01-30T04:36:53.4682655Z Get:24 http://azure.archive.ubuntu.com/ubuntu noble-updates/multiverse amd64 Components [940 B]
2026-01-30T04:36:53.4690802Z Get:25 http://azure.archive.ubuntu.com/ubuntu noble-updates/multiverse amd64 c-n-f Metadata [496 B]
2026-01-30T04:36:53.4703898Z Get:26 http://azure.archive.ubuntu.com/ubuntu noble-backports/main amd64 Components [7316 B]
2026-01-30T04:36:53.4722689Z Get:27 http://azure.archive.ubuntu.com/ubuntu noble-backports/universe amd64 Components [10.5 kB]
2026-01-30T04:36:53.4736946Z Get:28 http://azure.archive.ubuntu.com/ubuntu noble-backports/restricted amd64 Components [216 B]
2026-01-30T04:36:53.4752392Z Get:29 http://azure.archive.ubuntu.com/ubuntu noble-backports/multiverse amd64 Components [212 B]
2026-01-30T04:36:53.4922046Z Get:30 http://azure.archive.ubuntu.com/ubuntu noble-security/main amd64 Packages [1410 kB]
2026-01-30T04:36:53.5010071Z Get:31 http://azure.archive.ubuntu.com/ubuntu noble-security/main Translation-en [229 kB]
2026-01-30T04:36:53.5030872Z Get:32 http://azure.archive.ubuntu.com/ubuntu noble-security/main amd64 Components [21.5 kB]
2026-01-30T04:36:53.5041773Z Get:33 http://azure.archive.ubuntu.com/ubuntu noble-security/main amd64 c-n-f Metadata [9820 B]
2026-01-30T04:36:53.5474400Z Get:34 http://azure.archive.ubuntu.com/ubuntu noble-security/universe amd64 Packages [925 kB]
2026-01-30T04:36:53.5528188Z Get:35 http://azure.archive.ubuntu.com/ubuntu noble-security/universe Translation-en [209 kB]
2026-01-30T04:36:53.5552737Z Get:36 http://azure.archive.ubuntu.com/ubuntu noble-security/universe amd64 Components [74.2 kB]
2026-01-30T04:36:53.5564174Z Get:37 http://azure.archive.ubuntu.com/ubuntu noble-security/universe amd64 c-n-f Metadata [19.7 kB]
2026-01-30T04:36:53.5575928Z Get:38 http://azure.archive.ubuntu.com/ubuntu noble-security/restricted amd64 Packages [2369 kB]
2026-01-30T04:36:53.5696176Z Get:39 http://azure.archive.ubuntu.com/ubuntu noble-security/restricted Translation-en [543 kB]
2026-01-30T04:36:53.5725550Z Get:40 http://azure.archive.ubuntu.com/ubuntu noble-security/restricted amd64 Components [212 B]
2026-01-30T04:36:53.5734867Z Get:41 http://azure.archive.ubuntu.com/ubuntu noble-security/restricted amd64 c-n-f Metadata [536 B]
2026-01-30T04:36:53.5745498Z Get:42 http://azure.archive.ubuntu.com/ubuntu noble-security/multiverse amd64 Packages [28.8 kB]
2026-01-30T04:36:53.5754851Z Get:43 http://azure.archive.ubuntu.com/ubuntu noble-security/multiverse Translation-en [6492 B]
2026-01-30T04:36:53.5763520Z Get:44 http://azure.archive.ubuntu.com/ubuntu noble-security/multiverse amd64 Components [212 B]
2026-01-30T04:36:53.5773889Z Get:45 http://azure.archive.ubuntu.com/ubuntu noble-security/multiverse amd64 c-n-f Metadata [396 B]
2026-01-30T04:37:02.7840831Z Fetched 14.0 MB in 2s (8043 kB/s)
2026-01-30T04:37:03.5540768Z Reading package lists...
2026-01-30T04:37:03.5864373Z Reading package lists...
2026-01-30T04:37:03.7708608Z Building dependency tree...
2026-01-30T04:37:03.7716442Z Reading state information...
2026-01-30T04:37:03.9361283Z Suggested packages:
2026-01-30T04:37:03.9361582Z   libasound2-doc
2026-01-30T04:37:03.9568622Z The following NEW packages will be installed:
2026-01-30T04:37:03.9575293Z   libasound2-dev
2026-01-30T04:37:03.9749052Z 0 upgraded, 1 newly installed, 0 to remove and 86 not upgraded.
2026-01-30T04:37:03.9749817Z Need to get 115 kB of archives.
2026-01-30T04:37:03.9750447Z After this operation, 715 kB of additional disk space will be used.
2026-01-30T04:37:03.9750958Z Get:1 file:/etc/apt/apt-mirrors.txt Mirrorlist [144 B]
2026-01-30T04:37:04.0168607Z Get:2 http://azure.archive.ubuntu.com/ubuntu noble-updates/main amd64 libasound2-dev amd64 1.2.11-1ubuntu0.1 [115 kB]
2026-01-30T04:37:04.2905134Z Fetched 115 kB in 0s (2149 kB/s)
2026-01-30T04:37:04.3541148Z Selecting previously unselected package libasound2-dev:amd64.
2026-01-30T04:37:04.4748354Z (Reading database ... 
2026-01-30T04:37:04.4748991Z (Reading database ... 5%
2026-01-30T04:37:04.4749511Z (Reading database ... 10%
2026-01-30T04:37:04.4750017Z (Reading database ... 15%
2026-01-30T04:37:04.4750543Z (Reading database ... 20%
2026-01-30T04:37:04.4751208Z (Reading database ... 25%
2026-01-30T04:37:04.4751615Z (Reading database ... 30%
2026-01-30T04:37:04.4752585Z (Reading database ... 35%
2026-01-30T04:37:04.4753023Z (Reading database ... 40%
2026-01-30T04:37:04.4753292Z (Reading database ... 45%
2026-01-30T04:37:04.4753549Z (Reading database ... 50%
2026-01-30T04:37:04.5756814Z (Reading database ... 55%
2026-01-30T04:37:04.9655433Z (Reading database ... 60%
2026-01-30T04:37:05.1436253Z (Reading database ... 65%
2026-01-30T04:37:05.2741311Z (Reading database ... 70%
2026-01-30T04:37:05.4478415Z (Reading database ... 75%
2026-01-30T04:37:06.0844854Z (Reading database ... 80%
2026-01-30T04:37:06.8346904Z (Reading database ... 85%
2026-01-30T04:37:07.4860890Z (Reading database ... 90%
2026-01-30T04:37:08.1817686Z (Reading database ... 95%
2026-01-30T04:37:08.1818181Z (Reading database ... 100%
2026-01-30T04:37:08.1818871Z (Reading database ... 217639 files and directories currently installed.)
2026-01-30T04:37:08.1863767Z Preparing to unpack .../libasound2-dev_1.2.11-1ubuntu0.1_amd64.deb ...
2026-01-30T04:37:08.1979183Z Unpacking libasound2-dev:amd64 (1.2.11-1ubuntu0.1) ...
2026-01-30T04:37:08.2620722Z Setting up libasound2-dev:amd64 (1.2.11-1ubuntu0.1) ...
2026-01-30T04:37:09.5812825Z 
2026-01-30T04:37:09.5813439Z Running kernel seems to be up-to-date.
2026-01-30T04:37:09.5813870Z 
2026-01-30T04:37:09.5814140Z No services need to be restarted.
2026-01-30T04:37:09.5814445Z 
2026-01-30T04:37:09.5814698Z No containers need to be restarted.
2026-01-30T04:37:09.5815005Z 
2026-01-30T04:37:09.5815316Z No user sessions are running outdated binaries.
2026-01-30T04:37:09.5815682Z 
2026-01-30T04:37:09.5816223Z No VM guests are running outdated hypervisor (qemu) binaries on this host.
2026-01-30T04:37:10.6522390Z The rush.json configuration requests Rush version 5.147.1
2026-01-30T04:37:10.6528134Z 
2026-01-30T04:37:10.6528442Z Invoking "rush install --to tag:core"
2026-01-30T04:37:10.6529017Z -------------------------------------
2026-01-30T04:37:10.6529324Z 
2026-01-30T04:37:10.9146131Z Found configuration in /home/runner/work/coze-studio-test/coze-studio-test/rush.json
2026-01-30T04:37:10.9147305Z 
2026-01-30T04:37:10.9197155Z 
2026-01-30T04:37:10.9198314Z [1mRush Multi-Project Build Tool 5.147.1[33m[39m[22m[36m - https://rushjs.io[39m
2026-01-30T04:37:10.9199272Z Node.js version is 22.16.0 (LTS)
2026-01-30T04:37:10.9199586Z 
2026-01-30T04:37:10.9213873Z 
2026-01-30T04:37:11.1598203Z Creating /home/runner/.rush/node-v22.16.0
2026-01-30T04:37:11.1602280Z Trying to acquire lock for pnpm-8.15.8
2026-01-30T04:37:11.1719474Z Acquired lock for pnpm-8.15.8
2026-01-30T04:37:11.1726855Z [1mInstalling pnpm version 8.15.8
2026-01-30T04:37:11.1727203Z [22m
2026-01-30T04:37:11.1741628Z 
2026-01-30T04:37:11.1742235Z Running "npm install" in /home/runner/.rush/node-v22.16.0/pnpm-8.15.8
2026-01-30T04:37:12.3308221Z 
2026-01-30T04:37:12.3308877Z added 1 package, and audited 2 packages in 1s
2026-01-30T04:37:12.3309316Z 
2026-01-30T04:37:12.3309561Z 1 package is looking for funding
2026-01-30T04:37:12.3310067Z   run `npm fund` for details
2026-01-30T04:37:12.3464782Z 
2026-01-30T04:37:12.3465317Z 1 high severity vulnerability
2026-01-30T04:37:12.3465669Z 
2026-01-30T04:37:12.3466073Z To address all issues (including breaking changes), run:
2026-01-30T04:37:12.3466692Z   npm audit fix --force
2026-01-30T04:37:12.3466953Z 
2026-01-30T04:37:12.3467148Z Run `npm audit` for details.
2026-01-30T04:37:12.3928919Z Successfully installed pnpm version 8.15.8
2026-01-30T04:37:12.3934120Z 
2026-01-30T04:37:12.3934815Z Symlinking "/home/runner/work/coze-studio-test/coze-studio-test/common/temp/pnpm-local"
2026-01-30T04:37:12.3935512Z   --> "/home/runner/.rush/node-v22.16.0/pnpm-8.15.8"
2026-01-30T04:37:12.3941524Z Acquiring lock for "common/autoinstallers/plugins" folder...
2026-01-30T04:37:12.4039912Z Installing dependencies under /home/runner/work/coze-studio-test/coze-studio-test/common/autoinstallers/plugins...
2026-01-30T04:37:12.4040527Z 
2026-01-30T04:37:12.8394371Z Lockfile is up to date, resolution step is skipped
2026-01-30T04:37:12.8911987Z Progress: resolved 1, reused 0, downloaded 0, added 0
2026-01-30T04:37:13.0203242Z Packages: +640
2026-01-30T04:37:13.0204553Z ++++++++++++++++++++++++++++++++++++++++++++++++++++++++++++++++++++++++++++++++
2026-01-30T04:37:13.8923048Z Progress: resolved 640, reused 0, downloaded 187, added 185
2026-01-30T04:37:14.8948956Z Progress: resolved 640, reused 0, downloaded 541, added 540
2026-01-30T04:37:15.8953945Z Progress: resolved 640, reused 0, downloaded 640, added 639
2026-01-30T04:37:15.8998773Z Progress: resolved 640, reused 0, downloaded 640, added 640, done
2026-01-30T04:37:16.1100963Z .../node_modules/core-js-pure postinstall$ node -e "try{require('./postinstall')}catch(e){}"
2026-01-30T04:37:16.1104236Z .../node_modules/highlight.js postinstall$ node deprecated.js
2026-01-30T04:37:16.1407642Z .../node_modules/core-js-pure postinstall: Done
2026-01-30T04:37:16.1495656Z .../node_modules/highlight.js postinstall: [41m[37m-*-*-*-*-*-*-*-*-*-*-*-*-*-*-*-*-*-*-*-*-*-*-*-*-*-*-*-*-*-*-*-*-*-*[0m
2026-01-30T04:37:16.1498231Z .../node_modules/highlight.js postinstall: [1m[37m
2026-01-30T04:37:16.1500145Z .../node_modules/highlight.js postinstall:   Verion 9 of Highlight.js has reached EOL.  It will no longer
2026-01-30T04:37:16.1502667Z .../node_modules/highlight.js postinstall:   be supported or receive security updates in the future.
2026-01-30T04:37:16.1504281Z .../node_modules/highlight.js postinstall:   Please upgrade to version 10 or encourage your indirect
2026-01-30T04:37:16.1505551Z .../node_modules/highlight.js postinstall:   dependencies to do so.
2026-01-30T04:37:16.1507031Z .../node_modules/highlight.js postinstall:   For more info:
2026-01-30T04:37:16.1508612Z .../node_modules/highlight.js postinstall:   [34m
2026-01-30T04:37:16.1511324Z .../node_modules/highlight.js postinstall:   https://github.com/highlightjs/highlight.js/issues/2877
2026-01-30T04:37:16.1513559Z .../node_modules/highlight.js postinstall:   https://github.com/highlightjs/highlight.js/blob/master/VERSION_10_UPGRADE.md
2026-01-30T04:37:16.1515017Z .../node_modules/highlight.js postinstall:  [41m[37m
2026-01-30T04:37:16.1516843Z .../node_modules/highlight.js postinstall: -*-*-*-*-*-*-*-*-*-*-*-*-*-*-*-*-*-*-*-*-*-*-*-*-*-*-*-*-*-*-*-*-*-*[0m
2026-01-30T04:37:16.1520341Z .../node_modules/highlight.js postinstall: Done
2026-01-30T04:37:16.4186430Z 
2026-01-30T04:37:16.4186924Z dependencies:
2026-01-30T04:37:16.4187603Z + @coze-arch/rush-clear-build-cache-plugin 0.0.1-alpha.a8d5b5
2026-01-30T04:37:16.4188405Z + @coze-arch/rush-dep-level-check-plugin 0.0.1-alpha.f89072
2026-01-30T04:37:16.4189200Z + @coze-arch/rush-fix-ts-refers-plugin 0.0.1-alpha.bf1426
2026-01-30T04:37:16.4189952Z + @coze-arch/rush-increment-run-plugin 0.0.2-alpha.88b122
2026-01-30T04:37:16.4190686Z + @coze-arch/rush-publish-plugin 0.0.3-alpha.f72758
2026-01-30T04:37:16.4191139Z + @coze-arch/rush-run-tsc-plugin 0.0.1-alpha.5f6259
2026-01-30T04:37:16.4191457Z + json5 2.2.3
2026-01-30T04:37:16.4191709Z + rush-init-project-plugin 0.11.1
2026-01-30T04:37:16.4192456Z + typescript 5.8.3
2026-01-30T04:37:16.4192653Z 
2026-01-30T04:37:16.4192745Z devDependencies:
2026-01-30T04:37:16.4192976Z + @types/node 18.19.112
2026-01-30T04:37:16.4193124Z 
2026-01-30T04:37:16.4273694Z Done in 4s
2026-01-30T04:37:16.4652873Z Auto install completed successfully
2026-01-30T04:37:16.4653245Z 
2026-01-30T04:37:16.5802940Z Starting "rush install"
2026-01-30T04:37:16.5803285Z 
2026-01-30T04:37:16.6772829Z [32mInstalling for subspace: default[39m
2026-01-30T04:37:16.6890045Z Validating package manager shrinkwrap file.
2026-01-30T04:37:16.6890301Z 
2026-01-30T04:37:16.8183023Z 
2026-01-30T04:37:16.8183942Z [1mFound files in the "common/git-hooks" folder.[22m
2026-01-30T04:37:16.8250599Z Successfully installed these Git hook scripts: commit-msg, post-checkout, post-commit, post-merge, pre-commit, pre-push
2026-01-30T04:37:16.8251248Z 
2026-01-30T04:37:16.8251533Z Trying to acquire lock for pnpm-8.15.8
2026-01-30T04:37:16.8339482Z Acquired lock for pnpm-8.15.8
2026-01-30T04:37:16.8344463Z Found pnpm version 8.15.8 in /home/runner/.rush/node-v22.16.0/pnpm-8.15.8
2026-01-30T04:37:16.8347887Z 
2026-01-30T04:37:16.8348619Z Symlinking "/home/runner/work/coze-studio-test/coze-studio-test/common/temp/pnpm-local"
2026-01-30T04:37:16.8349504Z   --> "/home/runner/.rush/node-v22.16.0/pnpm-8.15.8"
2026-01-30T04:37:16.9093222Z Transforming /home/runner/work/coze-studio-test/coze-studio-test/common/config/subspaces/default/.npmrc
2026-01-30T04:37:16.9094228Z   --> "/home/runner/work/coze-studio-test/coze-studio-test/common/temp/default/.npmrc"
2026-01-30T04:37:16.9744561Z 
2026-01-30T04:37:16.9746622Z [1mUpdating workspace files in /home/runner/work/coze-studio-test/coze-studio-test/common/temp/default[22m
2026-01-30T04:37:17.3634279Z Copying "/home/runner/work/coze-studio-test/coze-studio-test/common/config/subspaces/default/pnpm-lock.yaml"
2026-01-30T04:37:17.3636297Z   --> "/home/runner/work/coze-studio-test/coze-studio-test/common/temp/default/pnpm-lock.yaml"
2026-01-30T04:37:17.3662112Z Copying "/home/runner/work/coze-studio-test/coze-studio-test/common/config/subspaces/default/pnpm-lock.yaml"
2026-01-30T04:37:17.3663691Z   --> "/home/runner/work/coze-studio-test/coze-studio-test/common/temp/default/pnpm-lock-preinstall.yaml"
2026-01-30T04:37:17.3682807Z 
2026-01-30T04:37:17.3684122Z [1mChecking installation in "/home/runner/work/coze-studio-test/coze-studio-test/common/temp/default"[22m
2026-01-30T04:37:17.3686565Z 
2026-01-30T04:37:17.5047349Z [34m[INFO][0m [RushDepLevelPlugin] Validating dependency levels for 259 projects...
2026-01-30T04:37:17.5901579Z [34m[INFO][0m [RushDepLevelPlugin] Dependency level validation completed in 85.42ms
2026-01-30T04:37:17.5904613Z 
2026-01-30T04:37:17.5905178Z Processing definition for environment variable: NODE_OPTIONS
2026-01-30T04:37:17.5913823Z 
2026-01-30T04:37:17.5914751Z [1mRunning "pnpm install" in /home/runner/work/coze-studio-test/coze-studio-test/common/temp/default[22m
2026-01-30T04:37:17.5915209Z 
2026-01-30T04:37:18.6284725Z Lockfile is up to date, resolution step is skipped
2026-01-30T04:37:18.7723081Z Progress: resolved 1, reused 0, downloaded 0, added 0
2026-01-30T04:37:18.7915355Z .                                        |  +89 +++++++++
2026-01-30T04:37:18.9971411Z Progress: resolved 89, reused 89, downloaded 0, added 89, done
2026-01-30T04:37:19.2430110Z Done in 1.6s
2026-01-30T04:37:19.2812847Z 
2026-01-30T04:37:19.7008586Z 
2026-01-30T04:37:19.7025834Z 
2026-01-30T04:37:19.7026831Z [32mExecuting event hooks for postRushInstall[39m
2026-01-30T04:37:19.7152675Z 
2026-01-30T04:37:19.7153241Z [32mEvent hooks finished. (0.01 seconds)[39m
2026-01-30T04:37:19.7153643Z 
2026-01-30T04:37:19.7154130Z [32mRush install finished successfully. (3.05 seconds)[39m
2026-01-30T04:37:19.7644399Z The rush.json configuration requests Rush version 5.147.1
2026-01-30T04:37:19.7651416Z 
2026-01-30T04:37:19.7651966Z Invoking "rush update-autoinstaller --name plugins"
2026-01-30T04:37:19.7652924Z ---------------------------------------------------
2026-01-30T04:37:19.7653289Z 
2026-01-30T04:37:20.0306985Z Found configuration in /home/runner/work/coze-studio-test/coze-studio-test/rush.json
2026-01-30T04:37:20.0307895Z 
2026-01-30T04:37:20.0380361Z 
2026-01-30T04:37:20.0381576Z [1mRush Multi-Project Build Tool 5.147.1[33m[39m[22m[36m - https://rushjs.io[39m
2026-01-30T04:37:20.0382597Z Node.js version is 22.16.0 (LTS)
2026-01-30T04:37:20.0382899Z 
2026-01-30T04:37:20.0397585Z 
2026-01-30T04:37:20.3091181Z Trying to acquire lock for pnpm-8.15.8
2026-01-30T04:37:20.3235797Z Acquired lock for pnpm-8.15.8
2026-01-30T04:37:20.3249442Z Found pnpm version 8.15.8 in /home/runner/.rush/node-v22.16.0/pnpm-8.15.8
2026-01-30T04:37:20.3260781Z 
2026-01-30T04:37:20.3261481Z Symlinking "/home/runner/work/coze-studio-test/coze-studio-test/common/temp/pnpm-local"
2026-01-30T04:37:20.3262646Z   --> "/home/runner/.rush/node-v22.16.0/pnpm-8.15.8"
2026-01-30T04:37:20.3273257Z Acquiring lock for "common/autoinstallers/plugins" folder...
2026-01-30T04:37:20.3375627Z Autoinstaller folder is already up to date
2026-01-30T04:37:20.3376319Z 
2026-01-30T04:37:20.4629527Z Starting "rush update-autoinstaller"
2026-01-30T04:37:20.4629997Z 
2026-01-30T04:37:20.4634721Z Trying to acquire lock for pnpm-8.15.8
2026-01-30T04:37:20.4758048Z Acquired lock for pnpm-8.15.8
2026-01-30T04:37:20.4762075Z Found pnpm version 8.15.8 in /home/runner/.rush/node-v22.16.0/pnpm-8.15.8
2026-01-30T04:37:20.4767246Z 
2026-01-30T04:37:20.4768060Z Symlinking "/home/runner/work/coze-studio-test/coze-studio-test/common/temp/pnpm-local"
2026-01-30T04:37:20.4769274Z   --> "/home/runner/.rush/node-v22.16.0/pnpm-8.15.8"
2026-01-30T04:37:20.4772443Z Updating autoinstaller package: /home/runner/work/coze-studio-test/coze-studio-test/common/autoinstallers/plugins/package.json
2026-01-30T04:37:20.4782968Z Deleting /home/runner/work/coze-studio-test/coze-studio-test/common/autoinstallers/plugins/pnpm-lock.yaml
2026-01-30T04:37:20.4791469Z 
2026-01-30T04:37:21.0151489Z Progress: resolved 1, reused 0, downloaded 0, added 0
2026-01-30T04:37:22.0191996Z Progress: resolved 176, reused 148, downloaded 19, added 0
2026-01-30T04:37:23.0188361Z Progress: resolved 583, reused 533, downloaded 49, added 0
2026-01-30T04:37:23.2205131Z  WARN  14 deprecated subdependencies found: @types/minimatch@6.0.0, glob@7.2.3, gulp-header@1.8.12, highlight.js@9.18.5, inflight@1.0.6, lodash.get@4.4.2, lodash.isequal@4.5.0, lodash.template@4.5.0, q@1.5.1, resolve-url@0.2.1, rimraf@3.0.2, source-map-resolve@0.5.3, source-map-url@0.4.1, urix@0.1.0
2026-01-30T04:37:23.2476624Z Packages: +649
2026-01-30T04:37:23.2477363Z ++++++++++++++++++++++++++++++++++++++++++++++++++++++++++++++++++++++++++++++++
2026-01-30T04:37:23.8372503Z Progress: resolved 649, reused 596, downloaded 53, added 59, done
2026-01-30T04:37:23.9763824Z .../node_modules/core-js-pure postinstall$ node -e "try{require('./postinstall')}catch(e){}"
2026-01-30T04:37:24.0051622Z .../node_modules/core-js-pure postinstall: Done
2026-01-30T04:37:24.7238568Z 
2026-01-30T04:37:24.7239069Z dependencies:
2026-01-30T04:37:24.7240008Z + @coze-arch/rush-dep-level-check-plugin 0.0.1-alpha.f89072 (0.0.1 is available)
2026-01-30T04:37:24.7241158Z + @coze-arch/rush-publish-plugin 0.0.5-alpha.a2c426 (0.0.5 is available)
2026-01-30T04:37:24.7242111Z + rush-init-project-plugin 0.11.1
2026-01-30T04:37:24.7242345Z 
2026-01-30T04:37:24.7242451Z devDependencies:
2026-01-30T04:37:24.7242798Z + @types/node 18.19.130 (25.1.0 is available)
2026-01-30T04:37:24.7243042Z 
2026-01-30T04:37:24.7246406Z Done in 4.2s
2026-01-30T04:37:24.7721672Z 
2026-01-30T04:37:24.7735905Z [32mThe shrinkwrap file has been updated.[39m  Please commit the updated file:
2026-01-30T04:37:24.7736807Z 
2026-01-30T04:37:24.7737730Z   /home/runner/work/coze-studio-test/coze-studio-test/common/autoinstallers/plugins/pnpm-lock.yaml
2026-01-30T04:37:24.7738735Z 
2026-01-30T04:37:24.7739102Z Success.
2026-01-30T04:37:24.8165410Z The rush.json configuration requests Rush version 5.147.1
2026-01-30T04:37:24.8173395Z 
2026-01-30T04:37:24.8174705Z Invoking "rush increment --action install -p changed-files-cache.json"
2026-01-30T04:37:24.8176154Z ----------------------------------------------------------------------
2026-01-30T04:37:24.8177056Z 
2026-01-30T04:37:25.0995439Z Found configuration in /home/runner/work/coze-studio-test/coze-studio-test/rush.json
2026-01-30T04:37:25.0996403Z 
2026-01-30T04:37:25.1046074Z 
2026-01-30T04:37:25.1047358Z [1mRush Multi-Project Build Tool 5.147.1[33m[39m[22m[36m - https://rushjs.io[39m
2026-01-30T04:37:25.1048793Z Node.js version is 22.16.0 (LTS)
2026-01-30T04:37:25.1049347Z 
2026-01-30T04:37:25.1064135Z 
2026-01-30T04:37:25.3706611Z Trying to acquire lock for pnpm-8.15.8
2026-01-30T04:37:25.3855451Z Acquired lock for pnpm-8.15.8
2026-01-30T04:37:25.3864807Z Found pnpm version 8.15.8 in /home/runner/.rush/node-v22.16.0/pnpm-8.15.8
2026-01-30T04:37:25.4056392Z 
2026-01-30T04:37:25.4057451Z Symlinking "/home/runner/work/coze-studio-test/coze-studio-test/common/temp/pnpm-local"
2026-01-30T04:37:25.4058969Z   --> "/home/runner/.rush/node-v22.16.0/pnpm-8.15.8"
2026-01-30T04:37:25.4068389Z Acquiring lock for "common/autoinstallers/plugins" folder...
2026-01-30T04:37:25.4160706Z Autoinstaller folder is already up to date
2026-01-30T04:37:25.4161633Z 
2026-01-30T04:37:25.5359200Z Starting "rush increment"
2026-01-30T04:37:25.5359790Z 
2026-01-30T04:37:26.2995350Z ##[group]Run node common/scripts/install-run-rush.js increment --action test:cov -p "changed-files-cache.json"
2026-01-30T04:37:26.2996202Z [36;1mnode common/scripts/install-run-rush.js increment --action test:cov -p "changed-files-cache.json"[0m
2026-01-30T04:37:26.3029678Z shell: /usr/bin/bash -e {0}
2026-01-30T04:37:26.3029938Z ##[endgroup]
2026-01-30T04:37:26.3333375Z The rush.json configuration requests Rush version 5.147.1
2026-01-30T04:37:26.3339670Z 
2026-01-30T04:37:26.3340082Z Invoking "rush increment --action test:cov -p changed-files-cache.json"
2026-01-30T04:37:26.3340712Z -----------------------------------------------------------------------
2026-01-30T04:37:26.3341003Z 
2026-01-30T04:37:26.5932480Z Found configuration in /home/runner/work/coze-studio-test/coze-studio-test/rush.json
2026-01-30T04:37:26.5933506Z 
2026-01-30T04:37:26.5985622Z 
2026-01-30T04:37:26.5986942Z [1mRush Multi-Project Build Tool 5.147.1[33m[39m[22m[36m - https://rushjs.io[39m
2026-01-30T04:37:26.5988907Z Node.js version is 22.16.0 (LTS)
2026-01-30T04:37:26.5989241Z 
2026-01-30T04:37:26.6002378Z 
2026-01-30T04:37:26.8485122Z Trying to acquire lock for pnpm-8.15.8
2026-01-30T04:37:26.8598092Z Acquired lock for pnpm-8.15.8
2026-01-30T04:37:26.8609425Z Found pnpm version 8.15.8 in /home/runner/.rush/node-v22.16.0/pnpm-8.15.8
2026-01-30T04:37:26.8619398Z 
2026-01-30T04:37:26.8620055Z Symlinking "/home/runner/work/coze-studio-test/coze-studio-test/common/temp/pnpm-local"
2026-01-30T04:37:26.8621004Z   --> "/home/runner/.rush/node-v22.16.0/pnpm-8.15.8"
2026-01-30T04:37:26.8630404Z Acquiring lock for "common/autoinstallers/plugins" folder...
2026-01-30T04:37:26.8720443Z Autoinstaller folder is already up to date
2026-01-30T04:37:26.8720942Z 
2026-01-30T04:37:26.9742780Z Starting "rush increment"
2026-01-30T04:37:26.9743124Z 
2026-01-30T04:37:27.7539839Z Post job cleanup.
2026-01-30T04:37:27.8823040Z Cache hit occurred on the primary key Linux-rush-store-475797a05827809f17d0a4c587cf4c709e4a62dc66ef0afd3b013a485a799b8b, not saving cache.
2026-01-30T04:37:27.8942682Z Post job cleanup.
2026-01-30T04:37:28.0597870Z Post job cleanup.
2026-01-30T04:37:28.1517289Z [command]/usr/bin/git version
2026-01-30T04:37:28.1554296Z git version 2.52.0
2026-01-30T04:37:28.1596946Z Temporarily overriding HOME='/home/runner/work/_temp/db5d61b7-82a1-4d5b-b52b-9a1ae91de4a4' before making global git config changes
2026-01-30T04:37:28.1598488Z Adding repository directory to the temporary git global config as a safe directory
2026-01-30T04:37:28.1604316Z [command]/usr/bin/git config --global --add safe.directory /home/runner/work/coze-studio-test/coze-studio-test
2026-01-30T04:37:28.1638309Z [command]/usr/bin/git config --local --name-only --get-regexp core\.sshCommand
2026-01-30T04:37:28.1670225Z [command]/usr/bin/git submodule foreach --recursive sh -c "git config --local --name-only --get-regexp 'core\.sshCommand' && git config --local --unset-all 'core.sshCommand' || :"
2026-01-30T04:37:28.1918879Z [command]/usr/bin/git config --local --name-only --get-regexp http\.https\:\/\/github\.com\/\.extraheader
2026-01-30T04:37:28.1939455Z http.https://github.com/.extraheader
2026-01-30T04:37:28.1952414Z [command]/usr/bin/git config --local --unset-all http.https://github.com/.extraheader
2026-01-30T04:37:28.1982053Z [command]/usr/bin/git submodule foreach --recursive sh -c "git config --local --name-only --get-regexp 'http\.https\:\/\/github\.com\/\.extraheader' && git config --local --unset-all 'http.https://github.com/.extraheader' || :"
2026-01-30T04:37:28.2220909Z [command]/usr/bin/git config --local --name-only --get-regexp ^includeIf\.gitdir:
2026-01-30T04:37:28.2251048Z [command]/usr/bin/git submodule foreach --recursive git config --local --show-origin --name-only --get-regexp remote.origin.url
2026-01-30T04:37:28.2593807Z Cleaning up orphan processes
